MPLINK 4.40, Linker
Linker Map File - Created Thu Mar 07 11:02:50 2019

                                 Section Info
                  Section       Type    Address   Location Size(Bytes)
                ---------  ---------  ---------  ---------  ---------
               _entry_scn       code   0x000000    program   0x000006
           .code___init.o       code   0x000006    program   0x000002
                  isrcode       code   0x000008    program   0x000006
                   .cinit    romdata   0x00000e    program   0x00000e
          .code_control.o       code   0x00001c    program   0x000f94
           .code_can458.o       code   0x000fb0    program   0x0007e4
         .code_expander.o       code   0x001794    program   0x0002b8
       .romdata_control.o    romdata   0x001a4c    program   0x000230
        .code_TimeDelay.o       code   0x001c7c    program   0x000224
            .code_swI2C.o       code   0x001ea0    program   0x00019e
               _cinit_scn       code   0x00203e    program   0x00009e
          .code_fxm3232.o       code   0x0020dc    program   0x000070
                    .code       code   0x00214c    program   0x000020
             _startup_scn       code   0x00216c    program   0x00001c
              D10TCYXCODE       code   0x002188    program   0x000016
         .romdata_c018i.o    romdata   0x00219e    program   0x000000
         .romdata_swI2C.o    romdata   0x00219e    program   0x000000
         .idata_swI2C.o_i    romdata   0x00219e    program   0x000000
      .romdata_expander.o    romdata   0x00219e    program   0x000000
      .idata_expander.o_i    romdata   0x00219e    program   0x000000
     .romdata_TimeDelay.o    romdata   0x00219e    program   0x000000
        .idata_can458.o_i    romdata   0x00219e    program   0x000004
        .romdata_can458.o    romdata   0x00219e    program   0x000000
        .romdata___init.o    romdata   0x00219e    program   0x000000
       .idata_fxm3232.o_i    romdata   0x00219e    program   0x000000
       .romdata_fxm3232.o    romdata   0x00219e    program   0x000000
       .romdata_Console.o    romdata   0x00219e    program   0x000000
       .idata_control.o_i    romdata   0x00219e    program   0x000000
        .idata___init.o_i    romdata   0x0021a2    program   0x000000
     .idata_TimeDelay.o_i    romdata   0x0021a2    program   0x000000
          .code_Console.o       code   0x0021a2    program   0x000000
       .idata_Console.o_i    romdata   0x0021a2    program   0x000000
            .code_c018i.o       code   0x0021a2    program   0x000000
         .idata_c018i.o_i    romdata   0x0021a2    program   0x000000
 .config_300001_control.o    romdata   0x300001    program   0x000001
 .config_300002_control.o    romdata   0x300002    program   0x000001
 .config_300003_control.o    romdata   0x300003    program   0x000001
 .config_300006_control.o    romdata   0x300006    program   0x000001
 .config_300008_control.o    romdata   0x300008    program   0x000001
 .config_300009_control.o    romdata   0x300009    program   0x000001
 .config_30000a_control.o    romdata   0x30000a    program   0x000001
 .config_30000b_control.o    romdata   0x30000b    program   0x000001
 .config_30000c_control.o    romdata   0x30000c    program   0x000001
 .config_30000d_control.o    romdata   0x30000d    program   0x000001
                MATH_DATA      udata   0x000000       data   0x000010
                 .tmpdata      udata   0x000010       data   0x00000f
          .udata_can458.o      udata   0x000060       data   0x000070
           .udata_c018i.o      udata   0x0000d0       data   0x00000a
          .idata_can458.o      idata   0x0000da       data   0x000004
        .udata_expander.o      udata   0x0000de       data   0x000003
          .idata___init.o      idata   0x0000e1       data   0x000000
          .udata___init.o      udata   0x0000e1       data   0x000000
         .idata_fxm3232.o      idata   0x0000e1       data   0x000000
         .udata_fxm3232.o      udata   0x0000e1       data   0x000000
       .idata_TimeDelay.o      idata   0x0000e1       data   0x000000
       .udata_TimeDelay.o      udata   0x0000e1       data   0x000000
           .idata_swI2C.o      idata   0x0000e1       data   0x000000
           .udata_swI2C.o      udata   0x0000e1       data   0x000000
        .idata_expander.o      idata   0x0000e1       data   0x000000
         .idata_control.o      idata   0x0000e1       data   0x000000
         .idata_Console.o      idata   0x0000e1       data   0x000000
         .udata_Console.o      udata   0x0000e1       data   0x000000
           .idata_c018i.o      idata   0x0000e1       data   0x000000
         .udata_control.o      udata   0x000100       data   0x000050
                   .stack      udata   0x000500       data   0x000100
              SFR_BANKED0      udata   0x000f00       data   0x00002f
              SFR_BANKED1      udata   0x000f30       data   0x00000f
              SFR_BANKED2      udata   0x000f40       data   0x00000f
              SFR_BANKED3      udata   0x000f50       data   0x00000f
            SFR_UNBANKED0      udata   0x000f60       data   0x000017
            SFR_UNBANKED1      udata   0x000f80       data   0x000080



                              Program Memory Usage 
                               Start         End      
                           ---------   ---------      
                            0x000000    0x0021a1      
                            0x300001    0x300003      
                            0x300006    0x300006      
                            0x300008    0x30000d      
            8620 out of 33048 program addresses used, program memory utilization is 26%



                              Symbols - Sorted by Name
                     Name    Address   Location    Storage File                     
                ---------  ---------  ---------  --------- ---------                
                      ACK   0x002006    program     extern C:\edocs\uC\ujprojects\kapcsolo_can\src\swI2C.c
          CANErrorHandler   0x000fae    program     extern C:\edocs\uC\ujprojects\kapcsolo_can\src\control.c
                   CANGet   0x0014f6    program     extern C:\edocs\uC\ujprojects\kapcsolo_can\src\can458.c
            CANGetMessage   0x001134    program     extern C:\edocs\uC\ujprojects\kapcsolo_can\src\can458.c
                   CANISR   0x000fb0    program     extern C:\edocs\uC\ujprojects\kapcsolo_can\src\can458.c
                   CANPut   0x001248    program     extern C:\edocs\uC\ujprojects\kapcsolo_can\src\can458.c
            CANPutMessage   0x0011b8    program     extern C:\edocs\uC\ujprojects\kapcsolo_can\src\can458.c
    CANRXMessageIsPending   0x0014ea    program     extern C:\edocs\uC\ujprojects\kapcsolo_can\src\can458.c
                    CANRx   0x000846    program     extern C:\edocs\uC\ujprojects\kapcsolo_can\src\control.c
               CANSetMode   0x001764    program     extern C:\edocs\uC\ujprojects\kapcsolo_can\src\can458.c
                 CAN_init   0x001086    program     extern C:\edocs\uC\ujprojects\kapcsolo_can\src\can458.c
                    D10_1   0x002198    program     static C:\MCC18\v3_39\src\traditional\delays\d10tcyx.asm
                     D10x   0x002190    program     static C:\MCC18\v3_39\src\traditional\delays\d10tcyx.asm
              Delay10TCYx   0x002188    program     extern C:\MCC18\v3_39\src\traditional\delays\d10tcyx.asm
                Delay10us   0x001c7c    program     extern C:\edocs\uC\ujprojects\kapcsolo_can\src\TimeDelay.c
                  DelayMs   0x001d92    program     extern C:\edocs\uC\ujprojects\kapcsolo_can\src\TimeDelay.c
                  FXM3232   0x0020dc    program     extern C:\MCC18\v3_39\src\traditional\math\fxm3232.c
                   I2CAck   0x001f0e    program     extern C:\edocs\uC\ujprojects\kapcsolo_can\src\swI2C.c
               I2CReStart   0x001f46    program     extern C:\edocs\uC\ujprojects\kapcsolo_can\src\swI2C.c
              I2CReadByte   0x001958    program     extern C:\edocs\uC\ujprojects\kapcsolo_can\src\expander.c
              I2CReadWord   0x0019d2    program     extern C:\edocs\uC\ujprojects\kapcsolo_can\src\expander.c
                 I2CStart   0x001ea0    program     extern C:\edocs\uC\ujprojects\kapcsolo_can\src\swI2C.c
                  I2CStop   0x001fde    program     extern C:\edocs\uC\ujprojects\kapcsolo_can\src\swI2C.c
             I2CWriteByte   0x001904    program     extern C:\edocs\uC\ujprojects\kapcsolo_can\src\expander.c
                 Init_Exp   0x001794    program     extern C:\edocs\uC\ujprojects\kapcsolo_can\src\expander.c
                  ReadI2C   0x001f6e    program     extern C:\edocs\uC\ujprojects\kapcsolo_can\src\swI2C.c
                    Setup   0x0000c2    program     extern C:\edocs\uC\ujprojects\kapcsolo_can\src\control.c
                 WriteI2C   0x001eba    program     extern C:\edocs\uC\ujprojects\kapcsolo_can\src\swI2C.c
        _D10TCYXCODE_000A   0x002192    program     static C:\MCC18\v3_39\src\traditional\delays\d10tcyx.asm
        _D10TCYXCODE_000C   0x002194    program     static C:\MCC18\v3_39\src\traditional\delays\d10tcyx.asm
        _D10TCYXCODE_000E   0x002196    program     static C:\MCC18\v3_39\src\traditional\delays\d10tcyx.asm
         ___else_lbl00004   0x001d32    program     static                          
         ___else_lbl00006   0x001c8c    program     static                          
         ___else_lbl00011   0x001e40    program     static                          
           ___if_lbl00003   0x001d7e    program     static                          
           ___if_lbl00005   0x001d7e    program     static                          
           ___if_lbl00010   0x001e8c    program     static                          
       ___return_lbl00000   0x00000c    program     static                          
       ___return_lbl00000   0x001d7e    program     static                          
       ___return_lbl00000   0x000004    program     static                          
       ___return_lbl00000   0x00214a    program     static                          
       ___return_lbl00001   0x002186    program     static                          
       ___return_lbl00002   0x0020da    program     static                          
       ___return_lbl00007   0x001e8c    program     static                          
        ___while_lbl00001   0x001d32    program     static                          
        ___while_lbl00002   0x001d7e    program     static                          
        ___while_lbl00008   0x001e40    program     static                          
        ___while_lbl00009   0x001e8c    program     static                          
               __config_0   0x300001    program     static C:\edocs\uC\ujprojects\kapcsolo_can\src\control.c
               __config_1   0x300002    program     static C:\edocs\uC\ujprojects\kapcsolo_can\src\control.c
               __config_2   0x300003    program     static C:\edocs\uC\ujprojects\kapcsolo_can\src\control.c
               __config_3   0x300006    program     static C:\edocs\uC\ujprojects\kapcsolo_can\src\control.c
               __config_4   0x300008    program     static C:\edocs\uC\ujprojects\kapcsolo_can\src\control.c
               __config_5   0x300009    program     static C:\edocs\uC\ujprojects\kapcsolo_can\src\control.c
               __config_6   0x30000a    program     static C:\edocs\uC\ujprojects\kapcsolo_can\src\control.c
               __config_7   0x30000b    program     static C:\edocs\uC\ujprojects\kapcsolo_can\src\control.c
               __config_8   0x30000c    program     static C:\edocs\uC\ujprojects\kapcsolo_can\src\control.c
               __config_9   0x30000d    program     static C:\edocs\uC\ujprojects\kapcsolo_can\src\control.c
                   __init   0x000006    program     extern C:\MCC18\v3_39\src\traditional\stdclib\__init.c
               __tmplbl_0   0x001d2e    program     static                          
               __tmplbl_1   0x001d60    program     static                          
               __tmplbl_2   0x001e3a    program     static                          
               __tmplbl_3   0x001e6e    program     static                          
            __zero_memory   0x00214c    program     extern C:\MCC18\v3_39\src\traditional\proc\p18F458.asm
                _do_cinit   0x00203e    program     extern C:\MCC18\v3_39\src\traditional\startup\c018i.c
                   _entry   0x000000    program     extern C:\MCC18\v3_39\src\traditional\startup\c018i.c
                 _startup   0x00216c    program     extern C:\MCC18\v3_39\src\traditional\startup\c018i.c
                compare_l   0x002162    program     static C:\MCC18\v3_39\src\traditional\proc\p18F458.asm
                copy_loop   0x0020b0    program     static                          
            copy_one_byte   0x0020b6    program     static                          
                     done   0x0020da    program     static                          
             done_copying   0x0020c4    program     static                          
                      isr   0x00001c    program     extern C:\edocs\uC\ujprojects\kapcsolo_can\src\control.c
               isrhandler   0x000008    program     extern C:\edocs\uC\ujprojects\kapcsolo_can\src\control.c
                   lights   0x001a4c    program     extern C:\edocs\uC\ujprojects\kapcsolo_can\src\control.c
                     loop   0x00217c    program     static                          
                   loop_h   0x00215a    program     static C:\MCC18\v3_39\src\traditional\proc\p18F458.asm
                   loop_l   0x002164    program     static C:\MCC18\v3_39\src\traditional\proc\p18F458.asm
                     main   0x0000f0    program     extern C:\edocs\uC\ujprojects\kapcsolo_can\src\control.c
                     nACK   0x002022    program     extern C:\edocs\uC\ujprojects\kapcsolo_can\src\swI2C.c
                 switches   0x001b3c    program     extern C:\edocs\uC\ujprojects\kapcsolo_can\src\control.c
                     test   0x002058    program     static                          
             updateOutput   0x000bae    program     extern C:\edocs\uC\ujprojects\kapcsolo_can\src\control.c
               zero_block   0x00215a    program     static C:\MCC18\v3_39\src\traditional\proc\p18F458.asm
                   ADCON0   0x000fc2       data     extern C:\MCC18\v3_39\src\traditional\proc\p18F458.asm
               ADCON0bits   0x000fc2       data     extern C:\MCC18\v3_39\src\traditional\proc\p18F458.asm
                   ADCON1   0x000fc1       data     extern C:\MCC18\v3_39\src\traditional\proc\p18F458.asm
               ADCON1bits   0x000fc1       data     extern C:\MCC18\v3_39\src\traditional\proc\p18F458.asm
                    ADRES   0x000fc3       data     extern C:\MCC18\v3_39\src\traditional\proc\p18F458.asm
                   ADRESH   0x000fc4       data     extern C:\MCC18\v3_39\src\traditional\proc\p18F458.asm
                   ADRESL   0x000fc3       data     extern C:\MCC18\v3_39\src\traditional\proc\p18F458.asm
                  BRGCON1   0x000f70       data     extern C:\MCC18\v3_39\src\traditional\proc\p18F458.asm
              BRGCON1bits   0x000f70       data     extern C:\MCC18\v3_39\src\traditional\proc\p18F458.asm
                  BRGCON2   0x000f71       data     extern C:\MCC18\v3_39\src\traditional\proc\p18F458.asm
              BRGCON2bits   0x000f71       data     extern C:\MCC18\v3_39\src\traditional\proc\p18F458.asm
                  BRGCON3   0x000f72       data     extern C:\MCC18\v3_39\src\traditional\proc\p18F458.asm
              BRGCON3bits   0x000f72       data     extern C:\MCC18\v3_39\src\traditional\proc\p18F458.asm
                      BSR   0x000fe0       data     extern C:\MCC18\v3_39\src\traditional\proc\p18F458.asm
                   CANCON   0x000f6f       data     extern C:\MCC18\v3_39\src\traditional\proc\p18F458.asm
               CANCONbits   0x000f6f       data     extern C:\MCC18\v3_39\src\traditional\proc\p18F458.asm
                  CANSTAT   0x000f6e       data     extern C:\MCC18\v3_39\src\traditional\proc\p18F458.asm
               CANSTATRO1   0x000f5e       data     extern C:\MCC18\v3_39\src\traditional\proc\p18F458.asm
           CANSTATRO1bits   0x000f5e       data     extern C:\MCC18\v3_39\src\traditional\proc\p18F458.asm
               CANSTATRO2   0x000f4e       data     extern C:\MCC18\v3_39\src\traditional\proc\p18F458.asm
           CANSTATRO2bits   0x000f4e       data     extern C:\MCC18\v3_39\src\traditional\proc\p18F458.asm
               CANSTATRO3   0x000f3e       data     extern C:\MCC18\v3_39\src\traditional\proc\p18F458.asm
           CANSTATRO3bits   0x000f3e       data     extern C:\MCC18\v3_39\src\traditional\proc\p18F458.asm
               CANSTATRO4   0x000f2e       data     extern C:\MCC18\v3_39\src\traditional\proc\p18F458.asm
           CANSTATRO4bits   0x000f2e       data     extern C:\MCC18\v3_39\src\traditional\proc\p18F458.asm
              CANSTATbits   0x000f6e       data     extern C:\MCC18\v3_39\src\traditional\proc\p18F458.asm
           CAN_RX_Message   0x00012e       data     extern C:\edocs\uC\ujprojects\kapcsolo_can\src\control.c
           CAN_TX_Message   0x00013d       data     extern C:\edocs\uC\ujprojects\kapcsolo_can\src\control.c
                  CANflag   0x00014c       data     extern C:\edocs\uC\ujprojects\kapcsolo_can\src\control.c
                  CCP1CON   0x000fbd       data     extern C:\MCC18\v3_39\src\traditional\proc\p18F458.asm
              CCP1CONbits   0x000fbd       data     extern C:\MCC18\v3_39\src\traditional\proc\p18F458.asm
                    CCPR1   0x000fbe       data     extern C:\MCC18\v3_39\src\traditional\proc\p18F458.asm
                   CCPR1H   0x000fbf       data     extern C:\MCC18\v3_39\src\traditional\proc\p18F458.asm
                   CCPR1L   0x000fbe       data     extern C:\MCC18\v3_39\src\traditional\proc\p18F458.asm
                   CIOCON   0x000f73       data     extern C:\MCC18\v3_39\src\traditional\proc\p18F458.asm
               CIOCONbits   0x000f73       data     extern C:\MCC18\v3_39\src\traditional\proc\p18F458.asm
                    CMCON   0x000fb4       data     extern C:\MCC18\v3_39\src\traditional\proc\p18F458.asm
                CMCONbits   0x000fb4       data     extern C:\MCC18\v3_39\src\traditional\proc\p18F458.asm
                  COMSTAT   0x000f74       data     extern C:\MCC18\v3_39\src\traditional\proc\p18F458.asm
              COMSTATbits   0x000f74       data     extern C:\MCC18\v3_39\src\traditional\proc\p18F458.asm
                   CVRCON   0x000fb5       data     extern C:\MCC18\v3_39\src\traditional\proc\p18F458.asm
               CVRCONbits   0x000fb5       data     extern C:\MCC18\v3_39\src\traditional\proc\p18F458.asm
                     DDRA   0x000f92       data     extern C:\MCC18\v3_39\src\traditional\proc\p18F458.asm
                 DDRAbits   0x000f92       data     extern C:\MCC18\v3_39\src\traditional\proc\p18F458.asm
                     DDRB   0x000f93       data     extern C:\MCC18\v3_39\src\traditional\proc\p18F458.asm
                 DDRBbits   0x000f93       data     extern C:\MCC18\v3_39\src\traditional\proc\p18F458.asm
                     DDRC   0x000f94       data     extern C:\MCC18\v3_39\src\traditional\proc\p18F458.asm
                 DDRCbits   0x000f94       data     extern C:\MCC18\v3_39\src\traditional\proc\p18F458.asm
                     DDRD   0x000f95       data     extern C:\MCC18\v3_39\src\traditional\proc\p18F458.asm
                 DDRDbits   0x000f95       data     extern C:\MCC18\v3_39\src\traditional\proc\p18F458.asm
                     DDRE   0x000f96       data     extern C:\MCC18\v3_39\src\traditional\proc\p18F458.asm
                 DDREbits   0x000f96       data     extern C:\MCC18\v3_39\src\traditional\proc\p18F458.asm
                 ECCP1CON   0x000fba       data     extern C:\MCC18\v3_39\src\traditional\proc\p18F458.asm
             ECCP1CONbits   0x000fba       data     extern C:\MCC18\v3_39\src\traditional\proc\p18F458.asm
                 ECCP1DEL   0x000fb7       data     extern C:\MCC18\v3_39\src\traditional\proc\p18F458.asm
             ECCP1DELbits   0x000fb7       data     extern C:\MCC18\v3_39\src\traditional\proc\p18F458.asm
                   ECCPAS   0x000fb6       data     extern C:\MCC18\v3_39\src\traditional\proc\p18F458.asm
               ECCPASbits   0x000fb6       data     extern C:\MCC18\v3_39\src\traditional\proc\p18F458.asm
                   ECCPR1   0x000fbb       data     extern C:\MCC18\v3_39\src\traditional\proc\p18F458.asm
                  ECCPR1H   0x000fbc       data     extern C:\MCC18\v3_39\src\traditional\proc\p18F458.asm
                  ECCPR1L   0x000fbb       data     extern C:\MCC18\v3_39\src\traditional\proc\p18F458.asm
                    EEADR   0x000fa9       data     extern C:\MCC18\v3_39\src\traditional\proc\p18F458.asm
                   EECON1   0x000fa6       data     extern C:\MCC18\v3_39\src\traditional\proc\p18F458.asm
               EECON1bits   0x000fa6       data     extern C:\MCC18\v3_39\src\traditional\proc\p18F458.asm
                   EECON2   0x000fa7       data     extern C:\MCC18\v3_39\src\traditional\proc\p18F458.asm
                   EEDATA   0x000fa8       data     extern C:\MCC18\v3_39\src\traditional\proc\p18F458.asm
                     FSR0   0x000fe9       data     extern C:\MCC18\v3_39\src\traditional\proc\p18F458.asm
                    FSR0H   0x000fea       data     extern C:\MCC18\v3_39\src\traditional\proc\p18F458.asm
                    FSR0L   0x000fe9       data     extern C:\MCC18\v3_39\src\traditional\proc\p18F458.asm
                     FSR1   0x000fe1       data     extern C:\MCC18\v3_39\src\traditional\proc\p18F458.asm
                    FSR1H   0x000fe2       data     extern C:\MCC18\v3_39\src\traditional\proc\p18F458.asm
                    FSR1L   0x000fe1       data     extern C:\MCC18\v3_39\src\traditional\proc\p18F458.asm
                     FSR2   0x000fd9       data     extern C:\MCC18\v3_39\src\traditional\proc\p18F458.asm
                    FSR2H   0x000fda       data     extern C:\MCC18\v3_39\src\traditional\proc\p18F458.asm
                    FSR2L   0x000fd9       data     extern C:\MCC18\v3_39\src\traditional\proc\p18F458.asm
                     IN1A   0x000128       data     extern C:\edocs\uC\ujprojects\kapcsolo_can\src\control.c
                     IN1B   0x00012b       data     extern C:\edocs\uC\ujprojects\kapcsolo_can\src\control.c
                     IN2A   0x000129       data     extern C:\edocs\uC\ujprojects\kapcsolo_can\src\control.c
                     IN2B   0x00012c       data     extern C:\edocs\uC\ujprojects\kapcsolo_can\src\control.c
                   INCANA   0x00012a       data     extern C:\edocs\uC\ujprojects\kapcsolo_can\src\control.c
                   INCANB   0x00012d       data     extern C:\edocs\uC\ujprojects\kapcsolo_can\src\control.c
                    INDF0   0x000fef       data     extern C:\MCC18\v3_39\src\traditional\proc\p18F458.asm
                    INDF1   0x000fe7       data     extern C:\MCC18\v3_39\src\traditional\proc\p18F458.asm
                    INDF2   0x000fdf       data     extern C:\MCC18\v3_39\src\traditional\proc\p18F458.asm
                   INTCON   0x000ff2       data     extern C:\MCC18\v3_39\src\traditional\proc\p18F458.asm
                  INTCON1   0x000ff2       data     extern C:\MCC18\v3_39\src\traditional\proc\p18F458.asm
              INTCON1bits   0x000ff2       data     extern C:\MCC18\v3_39\src\traditional\proc\p18F458.asm
                  INTCON2   0x000ff1       data     extern C:\MCC18\v3_39\src\traditional\proc\p18F458.asm
              INTCON2bits   0x000ff1       data     extern C:\MCC18\v3_39\src\traditional\proc\p18F458.asm
                  INTCON3   0x000ff0       data     extern C:\MCC18\v3_39\src\traditional\proc\p18F458.asm
              INTCON3bits   0x000ff0       data     extern C:\MCC18\v3_39\src\traditional\proc\p18F458.asm
               INTCONbits   0x000ff2       data     extern C:\MCC18\v3_39\src\traditional\proc\p18F458.asm
                     IPR1   0x000f9f       data     extern C:\MCC18\v3_39\src\traditional\proc\p18F458.asm
                 IPR1bits   0x000f9f       data     extern C:\MCC18\v3_39\src\traditional\proc\p18F458.asm
                     IPR2   0x000fa2       data     extern C:\MCC18\v3_39\src\traditional\proc\p18F458.asm
                 IPR2bits   0x000fa2       data     extern C:\MCC18\v3_39\src\traditional\proc\p18F458.asm
                     IPR3   0x000fa5       data     extern C:\MCC18\v3_39\src\traditional\proc\p18F458.asm
                 IPR3bits   0x000fa5       data     extern C:\MCC18\v3_39\src\traditional\proc\p18F458.asm
                     LATA   0x000f89       data     extern C:\MCC18\v3_39\src\traditional\proc\p18F458.asm
                 LATAbits   0x000f89       data     extern C:\MCC18\v3_39\src\traditional\proc\p18F458.asm
                     LATB   0x000f8a       data     extern C:\MCC18\v3_39\src\traditional\proc\p18F458.asm
                 LATBbits   0x000f8a       data     extern C:\MCC18\v3_39\src\traditional\proc\p18F458.asm
                     LATC   0x000f8b       data     extern C:\MCC18\v3_39\src\traditional\proc\p18F458.asm
                 LATCbits   0x000f8b       data     extern C:\MCC18\v3_39\src\traditional\proc\p18F458.asm
                     LATD   0x000f8c       data     extern C:\MCC18\v3_39\src\traditional\proc\p18F458.asm
                 LATDbits   0x000f8c       data     extern C:\MCC18\v3_39\src\traditional\proc\p18F458.asm
                     LATE   0x000f8d       data     extern C:\MCC18\v3_39\src\traditional\proc\p18F458.asm
                 LATEbits   0x000f8d       data     extern C:\MCC18\v3_39\src\traditional\proc\p18F458.asm
                   LVDCON   0x000fd2       data     extern C:\MCC18\v3_39\src\traditional\proc\p18F458.asm
               LVDCONbits   0x000fd2       data     extern C:\MCC18\v3_39\src\traditional\proc\p18F458.asm
                   OSCCON   0x000fd3       data     extern C:\MCC18\v3_39\src\traditional\proc\p18F458.asm
               OSCCONbits   0x000fd3       data     extern C:\MCC18\v3_39\src\traditional\proc\p18F458.asm
                   OUT1_2   0x000124       data     extern C:\edocs\uC\ujprojects\kapcsolo_can\src\control.c
                 OUT1_old   0x000114       data     extern C:\edocs\uC\ujprojects\kapcsolo_can\src\control.c
                 OUT2_old   0x000116       data     extern C:\edocs\uC\ujprojects\kapcsolo_can\src\control.c
                   OUT3_4   0x000126       data     extern C:\edocs\uC\ujprojects\kapcsolo_can\src\control.c
                       PC   0x000ff9       data     extern C:\MCC18\v3_39\src\traditional\proc\p18F458.asm
                      PCL   0x000ff9       data     extern C:\MCC18\v3_39\src\traditional\proc\p18F458.asm
                   PCLATH   0x000ffa       data     extern C:\MCC18\v3_39\src\traditional\proc\p18F458.asm
                   PCLATU   0x000ffb       data     extern C:\MCC18\v3_39\src\traditional\proc\p18F458.asm
                     PIE1   0x000f9d       data     extern C:\MCC18\v3_39\src\traditional\proc\p18F458.asm
                 PIE1bits   0x000f9d       data     extern C:\MCC18\v3_39\src\traditional\proc\p18F458.asm
                     PIE2   0x000fa0       data     extern C:\MCC18\v3_39\src\traditional\proc\p18F458.asm
                 PIE2bits   0x000fa0       data     extern C:\MCC18\v3_39\src\traditional\proc\p18F458.asm
                     PIE3   0x000fa3       data     extern C:\MCC18\v3_39\src\traditional\proc\p18F458.asm
                 PIE3bits   0x000fa3       data     extern C:\MCC18\v3_39\src\traditional\proc\p18F458.asm
                     PIR1   0x000f9e       data     extern C:\MCC18\v3_39\src\traditional\proc\p18F458.asm
                 PIR1bits   0x000f9e       data     extern C:\MCC18\v3_39\src\traditional\proc\p18F458.asm
                     PIR2   0x000fa1       data     extern C:\MCC18\v3_39\src\traditional\proc\p18F458.asm
                 PIR2bits   0x000fa1       data     extern C:\MCC18\v3_39\src\traditional\proc\p18F458.asm
                     PIR3   0x000fa4       data     extern C:\MCC18\v3_39\src\traditional\proc\p18F458.asm
                 PIR3bits   0x000fa4       data     extern C:\MCC18\v3_39\src\traditional\proc\p18F458.asm
                   PLUSW0   0x000feb       data     extern C:\MCC18\v3_39\src\traditional\proc\p18F458.asm
                   PLUSW1   0x000fe3       data     extern C:\MCC18\v3_39\src\traditional\proc\p18F458.asm
                   PLUSW2   0x000fdb       data     extern C:\MCC18\v3_39\src\traditional\proc\p18F458.asm
                    PORTA   0x000f80       data     extern C:\MCC18\v3_39\src\traditional\proc\p18F458.asm
                PORTAbits   0x000f80       data     extern C:\MCC18\v3_39\src\traditional\proc\p18F458.asm
                    PORTB   0x000f81       data     extern C:\MCC18\v3_39\src\traditional\proc\p18F458.asm
                PORTBbits   0x000f81       data     extern C:\MCC18\v3_39\src\traditional\proc\p18F458.asm
                    PORTC   0x000f82       data     extern C:\MCC18\v3_39\src\traditional\proc\p18F458.asm
                PORTCbits   0x000f82       data     extern C:\MCC18\v3_39\src\traditional\proc\p18F458.asm
                    PORTD   0x000f83       data     extern C:\MCC18\v3_39\src\traditional\proc\p18F458.asm
                PORTDbits   0x000f83       data     extern C:\MCC18\v3_39\src\traditional\proc\p18F458.asm
                    PORTE   0x000f84       data     extern C:\MCC18\v3_39\src\traditional\proc\p18F458.asm
                PORTEbits   0x000f84       data     extern C:\MCC18\v3_39\src\traditional\proc\p18F458.asm
                 POSTDEC0   0x000fed       data     extern C:\MCC18\v3_39\src\traditional\proc\p18F458.asm
                 POSTDEC1   0x000fe5       data     extern C:\MCC18\v3_39\src\traditional\proc\p18F458.asm
                 POSTDEC2   0x000fdd       data     extern C:\MCC18\v3_39\src\traditional\proc\p18F458.asm
                 POSTINC0   0x000fee       data     extern C:\MCC18\v3_39\src\traditional\proc\p18F458.asm
                 POSTINC1   0x000fe6       data     extern C:\MCC18\v3_39\src\traditional\proc\p18F458.asm
                 POSTINC2   0x000fde       data     extern C:\MCC18\v3_39\src\traditional\proc\p18F458.asm
                      PR2   0x000fcb       data     extern C:\MCC18\v3_39\src\traditional\proc\p18F458.asm
                  PREINC0   0x000fec       data     extern C:\MCC18\v3_39\src\traditional\proc\p18F458.asm
                  PREINC1   0x000fe4       data     extern C:\MCC18\v3_39\src\traditional\proc\p18F458.asm
                  PREINC2   0x000fdc       data     extern C:\MCC18\v3_39\src\traditional\proc\p18F458.asm
                     PROD   0x000ff3       data     extern C:\MCC18\v3_39\src\traditional\proc\p18F458.asm
                    PRODH   0x000ff4       data     extern C:\MCC18\v3_39\src\traditional\proc\p18F458.asm
                    PRODL   0x000ff3       data     extern C:\MCC18\v3_39\src\traditional\proc\p18F458.asm
                     RCON   0x000fd0       data     extern C:\MCC18\v3_39\src\traditional\proc\p18F458.asm
                 RCONbits   0x000fd0       data     extern C:\MCC18\v3_39\src\traditional\proc\p18F458.asm
                    RCREG   0x000fae       data     extern C:\MCC18\v3_39\src\traditional\proc\p18F458.asm
                    RCSTA   0x000fab       data     extern C:\MCC18\v3_39\src\traditional\proc\p18F458.asm
                RCSTAbits   0x000fab       data     extern C:\MCC18\v3_39\src\traditional\proc\p18F458.asm
                  RXB0CON   0x000f60       data     extern C:\MCC18\v3_39\src\traditional\proc\p18F458.asm
              RXB0CONbits   0x000f60       data     extern C:\MCC18\v3_39\src\traditional\proc\p18F458.asm
                   RXB0D0   0x000f66       data     extern C:\MCC18\v3_39\src\traditional\proc\p18F458.asm
               RXB0D0bits   0x000f66       data     extern C:\MCC18\v3_39\src\traditional\proc\p18F458.asm
                   RXB0D1   0x000f67       data     extern C:\MCC18\v3_39\src\traditional\proc\p18F458.asm
               RXB0D1bits   0x000f67       data     extern C:\MCC18\v3_39\src\traditional\proc\p18F458.asm
                   RXB0D2   0x000f68       data     extern C:\MCC18\v3_39\src\traditional\proc\p18F458.asm
               RXB0D2bits   0x000f68       data     extern C:\MCC18\v3_39\src\traditional\proc\p18F458.asm
                   RXB0D3   0x000f69       data     extern C:\MCC18\v3_39\src\traditional\proc\p18F458.asm
               RXB0D3bits   0x000f69       data     extern C:\MCC18\v3_39\src\traditional\proc\p18F458.asm
                   RXB0D4   0x000f6a       data     extern C:\MCC18\v3_39\src\traditional\proc\p18F458.asm
               RXB0D4bits   0x000f6a       data     extern C:\MCC18\v3_39\src\traditional\proc\p18F458.asm
                   RXB0D5   0x000f6b       data     extern C:\MCC18\v3_39\src\traditional\proc\p18F458.asm
               RXB0D5bits   0x000f6b       data     extern C:\MCC18\v3_39\src\traditional\proc\p18F458.asm
                   RXB0D6   0x000f6c       data     extern C:\MCC18\v3_39\src\traditional\proc\p18F458.asm
               RXB0D6bits   0x000f6c       data     extern C:\MCC18\v3_39\src\traditional\proc\p18F458.asm
                   RXB0D7   0x000f6d       data     extern C:\MCC18\v3_39\src\traditional\proc\p18F458.asm
               RXB0D7bits   0x000f6d       data     extern C:\MCC18\v3_39\src\traditional\proc\p18F458.asm
                  RXB0DLC   0x000f65       data     extern C:\MCC18\v3_39\src\traditional\proc\p18F458.asm
              RXB0DLCbits   0x000f65       data     extern C:\MCC18\v3_39\src\traditional\proc\p18F458.asm
                 RXB0EIDH   0x000f63       data     extern C:\MCC18\v3_39\src\traditional\proc\p18F458.asm
             RXB0EIDHbits   0x000f63       data     extern C:\MCC18\v3_39\src\traditional\proc\p18F458.asm
                 RXB0EIDL   0x000f64       data     extern C:\MCC18\v3_39\src\traditional\proc\p18F458.asm
             RXB0EIDLbits   0x000f64       data     extern C:\MCC18\v3_39\src\traditional\proc\p18F458.asm
                 RXB0SIDH   0x000f61       data     extern C:\MCC18\v3_39\src\traditional\proc\p18F458.asm
             RXB0SIDHbits   0x000f61       data     extern C:\MCC18\v3_39\src\traditional\proc\p18F458.asm
                 RXB0SIDL   0x000f62       data     extern C:\MCC18\v3_39\src\traditional\proc\p18F458.asm
             RXB0SIDLbits   0x000f62       data     extern C:\MCC18\v3_39\src\traditional\proc\p18F458.asm
                  RXB1CON   0x000f50       data     extern C:\MCC18\v3_39\src\traditional\proc\p18F458.asm
              RXB1CONbits   0x000f50       data     extern C:\MCC18\v3_39\src\traditional\proc\p18F458.asm
                   RXB1D0   0x000f56       data     extern C:\MCC18\v3_39\src\traditional\proc\p18F458.asm
               RXB1D0bits   0x000f56       data     extern C:\MCC18\v3_39\src\traditional\proc\p18F458.asm
                   RXB1D1   0x000f57       data     extern C:\MCC18\v3_39\src\traditional\proc\p18F458.asm
               RXB1D1bits   0x000f57       data     extern C:\MCC18\v3_39\src\traditional\proc\p18F458.asm
                   RXB1D2   0x000f58       data     extern C:\MCC18\v3_39\src\traditional\proc\p18F458.asm
               RXB1D2bits   0x000f58       data     extern C:\MCC18\v3_39\src\traditional\proc\p18F458.asm
                   RXB1D3   0x000f59       data     extern C:\MCC18\v3_39\src\traditional\proc\p18F458.asm
               RXB1D3bits   0x000f59       data     extern C:\MCC18\v3_39\src\traditional\proc\p18F458.asm
                   RXB1D4   0x000f5a       data     extern C:\MCC18\v3_39\src\traditional\proc\p18F458.asm
               RXB1D4bits   0x000f5a       data     extern C:\MCC18\v3_39\src\traditional\proc\p18F458.asm
                   RXB1D5   0x000f5b       data     extern C:\MCC18\v3_39\src\traditional\proc\p18F458.asm
               RXB1D5bits   0x000f5b       data     extern C:\MCC18\v3_39\src\traditional\proc\p18F458.asm
                   RXB1D6   0x000f5c       data     extern C:\MCC18\v3_39\src\traditional\proc\p18F458.asm
               RXB1D6bits   0x000f5c       data     extern C:\MCC18\v3_39\src\traditional\proc\p18F458.asm
                   RXB1D7   0x000f5d       data     extern C:\MCC18\v3_39\src\traditional\proc\p18F458.asm
               RXB1D7bits   0x000f5d       data     extern C:\MCC18\v3_39\src\traditional\proc\p18F458.asm
                  RXB1DLC   0x000f55       data     extern C:\MCC18\v3_39\src\traditional\proc\p18F458.asm
              RXB1DLCbits   0x000f55       data     extern C:\MCC18\v3_39\src\traditional\proc\p18F458.asm
                 RXB1EIDH   0x000f53       data     extern C:\MCC18\v3_39\src\traditional\proc\p18F458.asm
             RXB1EIDHbits   0x000f53       data     extern C:\MCC18\v3_39\src\traditional\proc\p18F458.asm
                 RXB1EIDL   0x000f54       data     extern C:\MCC18\v3_39\src\traditional\proc\p18F458.asm
             RXB1EIDLbits   0x000f54       data     extern C:\MCC18\v3_39\src\traditional\proc\p18F458.asm
                 RXB1SIDH   0x000f51       data     extern C:\MCC18\v3_39\src\traditional\proc\p18F458.asm
             RXB1SIDHbits   0x000f51       data     extern C:\MCC18\v3_39\src\traditional\proc\p18F458.asm
                 RXB1SIDL   0x000f52       data     extern C:\MCC18\v3_39\src\traditional\proc\p18F458.asm
             RXB1SIDLbits   0x000f52       data     extern C:\MCC18\v3_39\src\traditional\proc\p18F458.asm
                 RXERRCNT   0x000f75       data     extern C:\MCC18\v3_39\src\traditional\proc\p18F458.asm
             RXERRCNTbits   0x000f75       data     extern C:\MCC18\v3_39\src\traditional\proc\p18F458.asm
                 RXF0EIDH   0x000f02       data     extern C:\MCC18\v3_39\src\traditional\proc\p18F458.asm
             RXF0EIDHbits   0x000f02       data     extern C:\MCC18\v3_39\src\traditional\proc\p18F458.asm
                 RXF0EIDL   0x000f03       data     extern C:\MCC18\v3_39\src\traditional\proc\p18F458.asm
             RXF0EIDLbits   0x000f03       data     extern C:\MCC18\v3_39\src\traditional\proc\p18F458.asm
                 RXF0SIDH   0x000f00       data     extern C:\MCC18\v3_39\src\traditional\proc\p18F458.asm
             RXF0SIDHbits   0x000f00       data     extern C:\MCC18\v3_39\src\traditional\proc\p18F458.asm
                 RXF0SIDL   0x000f01       data     extern C:\MCC18\v3_39\src\traditional\proc\p18F458.asm
             RXF0SIDLbits   0x000f01       data     extern C:\MCC18\v3_39\src\traditional\proc\p18F458.asm
                 RXF1EIDH   0x000f06       data     extern C:\MCC18\v3_39\src\traditional\proc\p18F458.asm
             RXF1EIDHbits   0x000f06       data     extern C:\MCC18\v3_39\src\traditional\proc\p18F458.asm
                 RXF1EIDL   0x000f07       data     extern C:\MCC18\v3_39\src\traditional\proc\p18F458.asm
             RXF1EIDLbits   0x000f07       data     extern C:\MCC18\v3_39\src\traditional\proc\p18F458.asm
                 RXF1SIDH   0x000f04       data     extern C:\MCC18\v3_39\src\traditional\proc\p18F458.asm
             RXF1SIDHbits   0x000f04       data     extern C:\MCC18\v3_39\src\traditional\proc\p18F458.asm
                 RXF1SIDL   0x000f05       data     extern C:\MCC18\v3_39\src\traditional\proc\p18F458.asm
             RXF1SIDLbits   0x000f05       data     extern C:\MCC18\v3_39\src\traditional\proc\p18F458.asm
                 RXF2EIDH   0x000f0a       data     extern C:\MCC18\v3_39\src\traditional\proc\p18F458.asm
             RXF2EIDHbits   0x000f0a       data     extern C:\MCC18\v3_39\src\traditional\proc\p18F458.asm
                 RXF2EIDL   0x000f0b       data     extern C:\MCC18\v3_39\src\traditional\proc\p18F458.asm
             RXF2EIDLbits   0x000f0b       data     extern C:\MCC18\v3_39\src\traditional\proc\p18F458.asm
                 RXF2SIDH   0x000f08       data     extern C:\MCC18\v3_39\src\traditional\proc\p18F458.asm
             RXF2SIDHbits   0x000f08       data     extern C:\MCC18\v3_39\src\traditional\proc\p18F458.asm
                 RXF2SIDL   0x000f09       data     extern C:\MCC18\v3_39\src\traditional\proc\p18F458.asm
             RXF2SIDLbits   0x000f09       data     extern C:\MCC18\v3_39\src\traditional\proc\p18F458.asm
                 RXF3EIDH   0x000f0e       data     extern C:\MCC18\v3_39\src\traditional\proc\p18F458.asm
             RXF3EIDHbits   0x000f0e       data     extern C:\MCC18\v3_39\src\traditional\proc\p18F458.asm
                 RXF3EIDL   0x000f0f       data     extern C:\MCC18\v3_39\src\traditional\proc\p18F458.asm
             RXF3EIDLbits   0x000f0f       data     extern C:\MCC18\v3_39\src\traditional\proc\p18F458.asm
                 RXF3SIDH   0x000f0c       data     extern C:\MCC18\v3_39\src\traditional\proc\p18F458.asm
             RXF3SIDHbits   0x000f0c       data     extern C:\MCC18\v3_39\src\traditional\proc\p18F458.asm
                 RXF3SIDL   0x000f0d       data     extern C:\MCC18\v3_39\src\traditional\proc\p18F458.asm
             RXF3SIDLbits   0x000f0d       data     extern C:\MCC18\v3_39\src\traditional\proc\p18F458.asm
                 RXF4EIDH   0x000f12       data     extern C:\MCC18\v3_39\src\traditional\proc\p18F458.asm
             RXF4EIDHbits   0x000f12       data     extern C:\MCC18\v3_39\src\traditional\proc\p18F458.asm
                 RXF4EIDL   0x000f13       data     extern C:\MCC18\v3_39\src\traditional\proc\p18F458.asm
             RXF4EIDLbits   0x000f13       data     extern C:\MCC18\v3_39\src\traditional\proc\p18F458.asm
                 RXF4SIDH   0x000f10       data     extern C:\MCC18\v3_39\src\traditional\proc\p18F458.asm
             RXF4SIDHbits   0x000f10       data     extern C:\MCC18\v3_39\src\traditional\proc\p18F458.asm
                 RXF4SIDL   0x000f11       data     extern C:\MCC18\v3_39\src\traditional\proc\p18F458.asm
             RXF4SIDLbits   0x000f11       data     extern C:\MCC18\v3_39\src\traditional\proc\p18F458.asm
                 RXF5EIDH   0x000f16       data     extern C:\MCC18\v3_39\src\traditional\proc\p18F458.asm
             RXF5EIDHbits   0x000f16       data     extern C:\MCC18\v3_39\src\traditional\proc\p18F458.asm
                 RXF5EIDL   0x000f17       data     extern C:\MCC18\v3_39\src\traditional\proc\p18F458.asm
             RXF5EIDLbits   0x000f17       data     extern C:\MCC18\v3_39\src\traditional\proc\p18F458.asm
                 RXF5SIDH   0x000f14       data     extern C:\MCC18\v3_39\src\traditional\proc\p18F458.asm
             RXF5SIDHbits   0x000f14       data     extern C:\MCC18\v3_39\src\traditional\proc\p18F458.asm
                 RXF5SIDL   0x000f15       data     extern C:\MCC18\v3_39\src\traditional\proc\p18F458.asm
             RXF5SIDLbits   0x000f15       data     extern C:\MCC18\v3_39\src\traditional\proc\p18F458.asm
                 RXM0EIDH   0x000f1a       data     extern C:\MCC18\v3_39\src\traditional\proc\p18F458.asm
             RXM0EIDHbits   0x000f1a       data     extern C:\MCC18\v3_39\src\traditional\proc\p18F458.asm
                 RXM0EIDL   0x000f1b       data     extern C:\MCC18\v3_39\src\traditional\proc\p18F458.asm
             RXM0EIDLbits   0x000f1b       data     extern C:\MCC18\v3_39\src\traditional\proc\p18F458.asm
                 RXM0SIDH   0x000f18       data     extern C:\MCC18\v3_39\src\traditional\proc\p18F458.asm
             RXM0SIDHbits   0x000f18       data     extern C:\MCC18\v3_39\src\traditional\proc\p18F458.asm
                 RXM0SIDL   0x000f19       data     extern C:\MCC18\v3_39\src\traditional\proc\p18F458.asm
             RXM0SIDLbits   0x000f19       data     extern C:\MCC18\v3_39\src\traditional\proc\p18F458.asm
                 RXM1EIDH   0x000f1e       data     extern C:\MCC18\v3_39\src\traditional\proc\p18F458.asm
             RXM1EIDHbits   0x000f1e       data     extern C:\MCC18\v3_39\src\traditional\proc\p18F458.asm
                 RXM1EIDL   0x000f1f       data     extern C:\MCC18\v3_39\src\traditional\proc\p18F458.asm
             RXM1EIDLbits   0x000f1f       data     extern C:\MCC18\v3_39\src\traditional\proc\p18F458.asm
                 RXM1SIDH   0x000f1c       data     extern C:\MCC18\v3_39\src\traditional\proc\p18F458.asm
             RXM1SIDHbits   0x000f1c       data     extern C:\MCC18\v3_39\src\traditional\proc\p18F458.asm
                 RXM1SIDL   0x000f1d       data     extern C:\MCC18\v3_39\src\traditional\proc\p18F458.asm
             RXM1SIDLbits   0x000f1d       data     extern C:\MCC18\v3_39\src\traditional\proc\p18F458.asm
                RXMessage   0x000060       data     extern C:\edocs\uC\ujprojects\kapcsolo_can\src\can458.c
                   RXRPtr   0x0000da       data     extern C:\edocs\uC\ujprojects\kapcsolo_can\src\can458.c
                   RXWPtr   0x0000db       data     extern C:\edocs\uC\ujprojects\kapcsolo_can\src\can458.c
               R_pwr_accu   0x000104       data     extern C:\edocs\uC\ujprojects\kapcsolo_can\src\control.c
                     SIGN   0x00000e       data     extern C:\MCC18\v3_39\src\traditional\math\cmath18.asm
                    SPBRG   0x000faf       data     extern C:\MCC18\v3_39\src\traditional\proc\p18F458.asm
                   SSPADD   0x000fc8       data     extern C:\MCC18\v3_39\src\traditional\proc\p18F458.asm
                   SSPBUF   0x000fc9       data     extern C:\MCC18\v3_39\src\traditional\proc\p18F458.asm
                  SSPCON1   0x000fc6       data     extern C:\MCC18\v3_39\src\traditional\proc\p18F458.asm
              SSPCON1bits   0x000fc6       data     extern C:\MCC18\v3_39\src\traditional\proc\p18F458.asm
                  SSPCON2   0x000fc5       data     extern C:\MCC18\v3_39\src\traditional\proc\p18F458.asm
              SSPCON2bits   0x000fc5       data     extern C:\MCC18\v3_39\src\traditional\proc\p18F458.asm
                  SSPSTAT   0x000fc7       data     extern C:\MCC18\v3_39\src\traditional\proc\p18F458.asm
              SSPSTATbits   0x000fc7       data     extern C:\MCC18\v3_39\src\traditional\proc\p18F458.asm
                   STATUS   0x000fd8       data     extern C:\MCC18\v3_39\src\traditional\proc\p18F458.asm
               STATUSbits   0x000fd8       data     extern C:\MCC18\v3_39\src\traditional\proc\p18F458.asm
                   STKPTR   0x000ffc       data     extern C:\MCC18\v3_39\src\traditional\proc\p18F458.asm
               STKPTRbits   0x000ffc       data     extern C:\MCC18\v3_39\src\traditional\proc\p18F458.asm
               S_pwr_accu   0x000108       data     extern C:\edocs\uC\ujprojects\kapcsolo_can\src\control.c
                    T0CON   0x000fd5       data     extern C:\MCC18\v3_39\src\traditional\proc\p18F458.asm
                T0CONbits   0x000fd5       data     extern C:\MCC18\v3_39\src\traditional\proc\p18F458.asm
                    T1CON   0x000fcd       data     extern C:\MCC18\v3_39\src\traditional\proc\p18F458.asm
                T1CONbits   0x000fcd       data     extern C:\MCC18\v3_39\src\traditional\proc\p18F458.asm
                    T2CON   0x000fca       data     extern C:\MCC18\v3_39\src\traditional\proc\p18F458.asm
                T2CONbits   0x000fca       data     extern C:\MCC18\v3_39\src\traditional\proc\p18F458.asm
                    T3CON   0x000fb1       data     extern C:\MCC18\v3_39\src\traditional\proc\p18F458.asm
                T3CONbits   0x000fb1       data     extern C:\MCC18\v3_39\src\traditional\proc\p18F458.asm
                   TABLAT   0x000ff5       data     extern C:\MCC18\v3_39\src\traditional\proc\p18F458.asm
                   TBLPTR   0x000ff6       data     extern C:\MCC18\v3_39\src\traditional\proc\p18F458.asm
                  TBLPTRH   0x000ff7       data     extern C:\MCC18\v3_39\src\traditional\proc\p18F458.asm
                  TBLPTRL   0x000ff6       data     extern C:\MCC18\v3_39\src\traditional\proc\p18F458.asm
                  TBLPTRU   0x000ff8       data     extern C:\MCC18\v3_39\src\traditional\proc\p18F458.asm
                    TMR0H   0x000fd7       data     extern C:\MCC18\v3_39\src\traditional\proc\p18F458.asm
                    TMR0L   0x000fd6       data     extern C:\MCC18\v3_39\src\traditional\proc\p18F458.asm
                    TMR1H   0x000fcf       data     extern C:\MCC18\v3_39\src\traditional\proc\p18F458.asm
                    TMR1L   0x000fce       data     extern C:\MCC18\v3_39\src\traditional\proc\p18F458.asm
                     TMR2   0x000fcc       data     extern C:\MCC18\v3_39\src\traditional\proc\p18F458.asm
                    TMR3H   0x000fb3       data     extern C:\MCC18\v3_39\src\traditional\proc\p18F458.asm
                    TMR3L   0x000fb2       data     extern C:\MCC18\v3_39\src\traditional\proc\p18F458.asm
                      TOS   0x000ffd       data     extern C:\MCC18\v3_39\src\traditional\proc\p18F458.asm
                     TOSH   0x000ffe       data     extern C:\MCC18\v3_39\src\traditional\proc\p18F458.asm
                     TOSL   0x000ffd       data     extern C:\MCC18\v3_39\src\traditional\proc\p18F458.asm
                     TOSU   0x000fff       data     extern C:\MCC18\v3_39\src\traditional\proc\p18F458.asm
                    TRISA   0x000f92       data     extern C:\MCC18\v3_39\src\traditional\proc\p18F458.asm
                TRISAbits   0x000f92       data     extern C:\MCC18\v3_39\src\traditional\proc\p18F458.asm
                    TRISB   0x000f93       data     extern C:\MCC18\v3_39\src\traditional\proc\p18F458.asm
                TRISBbits   0x000f93       data     extern C:\MCC18\v3_39\src\traditional\proc\p18F458.asm
                    TRISC   0x000f94       data     extern C:\MCC18\v3_39\src\traditional\proc\p18F458.asm
                TRISCbits   0x000f94       data     extern C:\MCC18\v3_39\src\traditional\proc\p18F458.asm
                    TRISD   0x000f95       data     extern C:\MCC18\v3_39\src\traditional\proc\p18F458.asm
                TRISDbits   0x000f95       data     extern C:\MCC18\v3_39\src\traditional\proc\p18F458.asm
                    TRISE   0x000f96       data     extern C:\MCC18\v3_39\src\traditional\proc\p18F458.asm
                TRISEbits   0x000f96       data     extern C:\MCC18\v3_39\src\traditional\proc\p18F458.asm
                  TXB0CON   0x000f40       data     extern C:\MCC18\v3_39\src\traditional\proc\p18F458.asm
              TXB0CONbits   0x000f40       data     extern C:\MCC18\v3_39\src\traditional\proc\p18F458.asm
                   TXB0D0   0x000f46       data     extern C:\MCC18\v3_39\src\traditional\proc\p18F458.asm
               TXB0D0bits   0x000f46       data     extern C:\MCC18\v3_39\src\traditional\proc\p18F458.asm
                   TXB0D1   0x000f47       data     extern C:\MCC18\v3_39\src\traditional\proc\p18F458.asm
               TXB0D1bits   0x000f47       data     extern C:\MCC18\v3_39\src\traditional\proc\p18F458.asm
                   TXB0D2   0x000f48       data     extern C:\MCC18\v3_39\src\traditional\proc\p18F458.asm
               TXB0D2bits   0x000f48       data     extern C:\MCC18\v3_39\src\traditional\proc\p18F458.asm
                   TXB0D3   0x000f49       data     extern C:\MCC18\v3_39\src\traditional\proc\p18F458.asm
               TXB0D3bits   0x000f49       data     extern C:\MCC18\v3_39\src\traditional\proc\p18F458.asm
                   TXB0D4   0x000f4a       data     extern C:\MCC18\v3_39\src\traditional\proc\p18F458.asm
               TXB0D4bits   0x000f4a       data     extern C:\MCC18\v3_39\src\traditional\proc\p18F458.asm
                   TXB0D5   0x000f4b       data     extern C:\MCC18\v3_39\src\traditional\proc\p18F458.asm
               TXB0D5bits   0x000f4b       data     extern C:\MCC18\v3_39\src\traditional\proc\p18F458.asm
                   TXB0D6   0x000f4c       data     extern C:\MCC18\v3_39\src\traditional\proc\p18F458.asm
               TXB0D6bits   0x000f4c       data     extern C:\MCC18\v3_39\src\traditional\proc\p18F458.asm
                   TXB0D7   0x000f4d       data     extern C:\MCC18\v3_39\src\traditional\proc\p18F458.asm
               TXB0D7bits   0x000f4d       data     extern C:\MCC18\v3_39\src\traditional\proc\p18F458.asm
                  TXB0DLC   0x000f45       data     extern C:\MCC18\v3_39\src\traditional\proc\p18F458.asm
              TXB0DLCbits   0x000f45       data     extern C:\MCC18\v3_39\src\traditional\proc\p18F458.asm
                 TXB0EIDH   0x000f43       data     extern C:\MCC18\v3_39\src\traditional\proc\p18F458.asm
             TXB0EIDHbits   0x000f43       data     extern C:\MCC18\v3_39\src\traditional\proc\p18F458.asm
                 TXB0EIDL   0x000f44       data     extern C:\MCC18\v3_39\src\traditional\proc\p18F458.asm
             TXB0EIDLbits   0x000f44       data     extern C:\MCC18\v3_39\src\traditional\proc\p18F458.asm
                 TXB0SIDH   0x000f41       data     extern C:\MCC18\v3_39\src\traditional\proc\p18F458.asm
             TXB0SIDHbits   0x000f41       data     extern C:\MCC18\v3_39\src\traditional\proc\p18F458.asm
                 TXB0SIDL   0x000f42       data     extern C:\MCC18\v3_39\src\traditional\proc\p18F458.asm
             TXB0SIDLbits   0x000f42       data     extern C:\MCC18\v3_39\src\traditional\proc\p18F458.asm
                  TXB1CON   0x000f30       data     extern C:\MCC18\v3_39\src\traditional\proc\p18F458.asm
              TXB1CONbits   0x000f30       data     extern C:\MCC18\v3_39\src\traditional\proc\p18F458.asm
                   TXB1D0   0x000f36       data     extern C:\MCC18\v3_39\src\traditional\proc\p18F458.asm
               TXB1D0bits   0x000f36       data     extern C:\MCC18\v3_39\src\traditional\proc\p18F458.asm
                   TXB1D1   0x000f37       data     extern C:\MCC18\v3_39\src\traditional\proc\p18F458.asm
               TXB1D1bits   0x000f37       data     extern C:\MCC18\v3_39\src\traditional\proc\p18F458.asm
                   TXB1D2   0x000f38       data     extern C:\MCC18\v3_39\src\traditional\proc\p18F458.asm
               TXB1D2bits   0x000f38       data     extern C:\MCC18\v3_39\src\traditional\proc\p18F458.asm
                   TXB1D3   0x000f39       data     extern C:\MCC18\v3_39\src\traditional\proc\p18F458.asm
               TXB1D3bits   0x000f39       data     extern C:\MCC18\v3_39\src\traditional\proc\p18F458.asm
                   TXB1D4   0x000f3a       data     extern C:\MCC18\v3_39\src\traditional\proc\p18F458.asm
               TXB1D4bits   0x000f3a       data     extern C:\MCC18\v3_39\src\traditional\proc\p18F458.asm
                   TXB1D5   0x000f3b       data     extern C:\MCC18\v3_39\src\traditional\proc\p18F458.asm
               TXB1D5bits   0x000f3b       data     extern C:\MCC18\v3_39\src\traditional\proc\p18F458.asm
                   TXB1D6   0x000f3c       data     extern C:\MCC18\v3_39\src\traditional\proc\p18F458.asm
               TXB1D6bits   0x000f3c       data     extern C:\MCC18\v3_39\src\traditional\proc\p18F458.asm
                   TXB1D7   0x000f3d       data     extern C:\MCC18\v3_39\src\traditional\proc\p18F458.asm
               TXB1D7bits   0x000f3d       data     extern C:\MCC18\v3_39\src\traditional\proc\p18F458.asm
                  TXB1DLC   0x000f35       data     extern C:\MCC18\v3_39\src\traditional\proc\p18F458.asm
              TXB1DLCbits   0x000f35       data     extern C:\MCC18\v3_39\src\traditional\proc\p18F458.asm
                 TXB1EIDH   0x000f33       data     extern C:\MCC18\v3_39\src\traditional\proc\p18F458.asm
             TXB1EIDHbits   0x000f33       data     extern C:\MCC18\v3_39\src\traditional\proc\p18F458.asm
                 TXB1EIDL   0x000f34       data     extern C:\MCC18\v3_39\src\traditional\proc\p18F458.asm
             TXB1EIDLbits   0x000f34       data     extern C:\MCC18\v3_39\src\traditional\proc\p18F458.asm
                 TXB1SIDH   0x000f31       data     extern C:\MCC18\v3_39\src\traditional\proc\p18F458.asm
             TXB1SIDHbits   0x000f31       data     extern C:\MCC18\v3_39\src\traditional\proc\p18F458.asm
                 TXB1SIDL   0x000f32       data     extern C:\MCC18\v3_39\src\traditional\proc\p18F458.asm
             TXB1SIDLbits   0x000f32       data     extern C:\MCC18\v3_39\src\traditional\proc\p18F458.asm
                  TXB2CON   0x000f20       data     extern C:\MCC18\v3_39\src\traditional\proc\p18F458.asm
              TXB2CONbits   0x000f20       data     extern C:\MCC18\v3_39\src\traditional\proc\p18F458.asm
                   TXB2D0   0x000f26       data     extern C:\MCC18\v3_39\src\traditional\proc\p18F458.asm
               TXB2D0bits   0x000f26       data     extern C:\MCC18\v3_39\src\traditional\proc\p18F458.asm
                   TXB2D1   0x000f27       data     extern C:\MCC18\v3_39\src\traditional\proc\p18F458.asm
               TXB2D1bits   0x000f27       data     extern C:\MCC18\v3_39\src\traditional\proc\p18F458.asm
                   TXB2D2   0x000f28       data     extern C:\MCC18\v3_39\src\traditional\proc\p18F458.asm
               TXB2D2bits   0x000f28       data     extern C:\MCC18\v3_39\src\traditional\proc\p18F458.asm
                   TXB2D3   0x000f29       data     extern C:\MCC18\v3_39\src\traditional\proc\p18F458.asm
               TXB2D3bits   0x000f29       data     extern C:\MCC18\v3_39\src\traditional\proc\p18F458.asm
                   TXB2D4   0x000f2a       data     extern C:\MCC18\v3_39\src\traditional\proc\p18F458.asm
               TXB2D4bits   0x000f2a       data     extern C:\MCC18\v3_39\src\traditional\proc\p18F458.asm
                   TXB2D5   0x000f2b       data     extern C:\MCC18\v3_39\src\traditional\proc\p18F458.asm
               TXB2D5bits   0x000f2b       data     extern C:\MCC18\v3_39\src\traditional\proc\p18F458.asm
                   TXB2D6   0x000f2c       data     extern C:\MCC18\v3_39\src\traditional\proc\p18F458.asm
               TXB2D6bits   0x000f2c       data     extern C:\MCC18\v3_39\src\traditional\proc\p18F458.asm
                   TXB2D7   0x000f2d       data     extern C:\MCC18\v3_39\src\traditional\proc\p18F458.asm
               TXB2D7bits   0x000f2d       data     extern C:\MCC18\v3_39\src\traditional\proc\p18F458.asm
                  TXB2DLC   0x000f25       data     extern C:\MCC18\v3_39\src\traditional\proc\p18F458.asm
              TXB2DLCbits   0x000f25       data     extern C:\MCC18\v3_39\src\traditional\proc\p18F458.asm
                 TXB2EIDH   0x000f23       data     extern C:\MCC18\v3_39\src\traditional\proc\p18F458.asm
             TXB2EIDHbits   0x000f23       data     extern C:\MCC18\v3_39\src\traditional\proc\p18F458.asm
                 TXB2EIDL   0x000f24       data     extern C:\MCC18\v3_39\src\traditional\proc\p18F458.asm
             TXB2EIDLbits   0x000f24       data     extern C:\MCC18\v3_39\src\traditional\proc\p18F458.asm
                 TXB2SIDH   0x000f21       data     extern C:\MCC18\v3_39\src\traditional\proc\p18F458.asm
             TXB2SIDHbits   0x000f21       data     extern C:\MCC18\v3_39\src\traditional\proc\p18F458.asm
                 TXB2SIDL   0x000f22       data     extern C:\MCC18\v3_39\src\traditional\proc\p18F458.asm
             TXB2SIDLbits   0x000f22       data     extern C:\MCC18\v3_39\src\traditional\proc\p18F458.asm
                 TXERRCNT   0x000f76       data     extern C:\MCC18\v3_39\src\traditional\proc\p18F458.asm
             TXERRCNTbits   0x000f76       data     extern C:\MCC18\v3_39\src\traditional\proc\p18F458.asm
                TXMessage   0x000098       data     extern C:\edocs\uC\ujprojects\kapcsolo_can\src\can458.c
                    TXREG   0x000fad       data     extern C:\MCC18\v3_39\src\traditional\proc\p18F458.asm
                   TXRPtr   0x0000dc       data     extern C:\edocs\uC\ujprojects\kapcsolo_can\src\can458.c
                    TXSTA   0x000fac       data     extern C:\MCC18\v3_39\src\traditional\proc\p18F458.asm
                TXSTAbits   0x000fac       data     extern C:\MCC18\v3_39\src\traditional\proc\p18F458.asm
                   TXWPtr   0x0000dd       data     extern C:\edocs\uC\ujprojects\kapcsolo_can\src\can458.c
               T_pwr_accu   0x00010c       data     extern C:\edocs\uC\ujprojects\kapcsolo_can\src\control.c
                        W   0x000fe8       data     extern C:\MCC18\v3_39\src\traditional\proc\p18F458.asm
                   WDTCON   0x000fd1       data     extern C:\MCC18\v3_39\src\traditional\proc\p18F458.asm
               WDTCONbits   0x000fd1       data     extern C:\MCC18\v3_39\src\traditional\proc\p18F458.asm
                     WREG   0x000fe8       data     extern C:\MCC18\v3_39\src\traditional\proc\p18F458.asm
                 __AARGB0   0x000007       data     extern C:\MCC18\v3_39\src\traditional\math\aarg.asm
                 __AARGB1   0x000006       data     extern C:\MCC18\v3_39\src\traditional\math\aarg.asm
                 __AARGB2   0x000005       data     extern C:\MCC18\v3_39\src\traditional\math\aarg.asm
                 __AARGB3   0x000004       data     extern C:\MCC18\v3_39\src\traditional\math\aarg.asm
                 __AARGB4   0x000003       data     extern C:\MCC18\v3_39\src\traditional\math\aarg.asm
                 __AARGB5   0x000002       data     extern C:\MCC18\v3_39\src\traditional\math\aarg.asm
                 __AARGB6   0x000001       data     extern C:\MCC18\v3_39\src\traditional\math\aarg.asm
                 __AARGB7   0x000000       data     extern C:\MCC18\v3_39\src\traditional\math\aarg.asm
                   __AEXP   0x000008       data     extern C:\MCC18\v3_39\src\traditional\math\aarg.asm
                 __BARGB0   0x00000c       data     extern C:\MCC18\v3_39\src\traditional\math\barg.asm
                 __BARGB1   0x00000b       data     extern C:\MCC18\v3_39\src\traditional\math\barg.asm
                 __BARGB2   0x00000a       data     extern C:\MCC18\v3_39\src\traditional\math\barg.asm
                 __BARGB3   0x000009       data     extern C:\MCC18\v3_39\src\traditional\math\barg.asm
                   __BEXP   0x00000d       data     extern C:\MCC18\v3_39\src\traditional\math\barg.asm
                __FPFLAGS   0x00000f       data     extern C:\MCC18\v3_39\src\traditional\math\cmath18.asm
            __FPFLAGSbits   0x00000f       data     extern C:\MCC18\v3_39\src\traditional\math\cmath18.asm
                  __REMB0   0x000003       data     extern C:\MCC18\v3_39\src\traditional\math\aarg.asm
                  __REMB1   0x000002       data     extern C:\MCC18\v3_39\src\traditional\math\aarg.asm
                  __REMB2   0x000001       data     extern C:\MCC18\v3_39\src\traditional\math\aarg.asm
                  __REMB3   0x000000       data     extern C:\MCC18\v3_39\src\traditional\math\aarg.asm
                  __tmp_0   0x000010       data     static C:\edocs\uC\ujprojects\kapcsolo_can\src\control.c
                  __tmp_0   0x000010       data     static C:\edocs\uC\ujprojects\kapcsolo_can\src\expander.c
                  __tmp_0   0x000010       data     static C:\edocs\uC\ujprojects\kapcsolo_can\src\swI2C.c
                  __tmp_0   0x000010       data     static C:\edocs\uC\ujprojects\kapcsolo_can\src\TimeDelay.c
                  __tmp_0   0x000010       data     static C:\edocs\uC\ujprojects\kapcsolo_can\src\can458.c
                curr_byte   0x0000d3       data     static C:\MCC18\v3_39\src\traditional\startup\c018i.c
               curr_entry   0x0000d5       data     static C:\MCC18\v3_39\src\traditional\startup\c018i.c
                 data_ptr   0x0000d7       data     static C:\MCC18\v3_39\src\traditional\startup\c018i.c
                      div   0x000102       data     extern C:\edocs\uC\ujprojects\kapcsolo_can\src\control.c
                  exp_in1   0x00011a       data     extern C:\edocs\uC\ujprojects\kapcsolo_can\src\control.c
                  exp_in2   0x00011e       data     extern C:\edocs\uC\ujprojects\kapcsolo_can\src\control.c
                     flag   0x000122       data     extern C:\edocs\uC\ujprojects\kapcsolo_can\src\control.c
                     num1   0x0000df       data     extern C:\edocs\uC\ujprojects\kapcsolo_can\src\expander.c
                     num2   0x0000e0       data     extern C:\edocs\uC\ujprojects\kapcsolo_can\src\expander.c
                     prom   0x0000d0       data     static C:\MCC18\v3_39\src\traditional\startup\c018i.c
                     temp   0x000100       data     extern C:\edocs\uC\ujprojects\kapcsolo_can\src\control.c
                    teszt   0x000118       data     extern C:\edocs\uC\ujprojects\kapcsolo_can\src\control.c
                util_flag   0x000123       data     extern C:\edocs\uC\ujprojects\kapcsolo_can\src\control.c
               water_accu   0x000110       data     extern C:\edocs\uC\ujprojects\kapcsolo_can\src\control.c
                        x   0x0000de       data     extern C:\edocs\uC\ujprojects\kapcsolo_can\src\expander.c



                              Symbols - Sorted by Address
                     Name    Address   Location    Storage File                     
                ---------  ---------  ---------  --------- ---------                
                   _entry   0x000000    program     extern C:\MCC18\v3_39\src\traditional\startup\c018i.c
       ___return_lbl00000   0x000004    program     static                          
                   __init   0x000006    program     extern C:\MCC18\v3_39\src\traditional\stdclib\__init.c
               isrhandler   0x000008    program     extern C:\edocs\uC\ujprojects\kapcsolo_can\src\control.c
       ___return_lbl00000   0x00000c    program     static                          
                      isr   0x00001c    program     extern C:\edocs\uC\ujprojects\kapcsolo_can\src\control.c
                    Setup   0x0000c2    program     extern C:\edocs\uC\ujprojects\kapcsolo_can\src\control.c
                     main   0x0000f0    program     extern C:\edocs\uC\ujprojects\kapcsolo_can\src\control.c
                    CANRx   0x000846    program     extern C:\edocs\uC\ujprojects\kapcsolo_can\src\control.c
             updateOutput   0x000bae    program     extern C:\edocs\uC\ujprojects\kapcsolo_can\src\control.c
          CANErrorHandler   0x000fae    program     extern C:\edocs\uC\ujprojects\kapcsolo_can\src\control.c
                   CANISR   0x000fb0    program     extern C:\edocs\uC\ujprojects\kapcsolo_can\src\can458.c
                 CAN_init   0x001086    program     extern C:\edocs\uC\ujprojects\kapcsolo_can\src\can458.c
            CANGetMessage   0x001134    program     extern C:\edocs\uC\ujprojects\kapcsolo_can\src\can458.c
            CANPutMessage   0x0011b8    program     extern C:\edocs\uC\ujprojects\kapcsolo_can\src\can458.c
                   CANPut   0x001248    program     extern C:\edocs\uC\ujprojects\kapcsolo_can\src\can458.c
    CANRXMessageIsPending   0x0014ea    program     extern C:\edocs\uC\ujprojects\kapcsolo_can\src\can458.c
                   CANGet   0x0014f6    program     extern C:\edocs\uC\ujprojects\kapcsolo_can\src\can458.c
               CANSetMode   0x001764    program     extern C:\edocs\uC\ujprojects\kapcsolo_can\src\can458.c
                 Init_Exp   0x001794    program     extern C:\edocs\uC\ujprojects\kapcsolo_can\src\expander.c
             I2CWriteByte   0x001904    program     extern C:\edocs\uC\ujprojects\kapcsolo_can\src\expander.c
              I2CReadByte   0x001958    program     extern C:\edocs\uC\ujprojects\kapcsolo_can\src\expander.c
              I2CReadWord   0x0019d2    program     extern C:\edocs\uC\ujprojects\kapcsolo_can\src\expander.c
                   lights   0x001a4c    program     extern C:\edocs\uC\ujprojects\kapcsolo_can\src\control.c
                 switches   0x001b3c    program     extern C:\edocs\uC\ujprojects\kapcsolo_can\src\control.c
                Delay10us   0x001c7c    program     extern C:\edocs\uC\ujprojects\kapcsolo_can\src\TimeDelay.c
         ___else_lbl00006   0x001c8c    program     static                          
               __tmplbl_0   0x001d2e    program     static                          
         ___else_lbl00004   0x001d32    program     static                          
        ___while_lbl00001   0x001d32    program     static                          
               __tmplbl_1   0x001d60    program     static                          
        ___while_lbl00002   0x001d7e    program     static                          
           ___if_lbl00003   0x001d7e    program     static                          
           ___if_lbl00005   0x001d7e    program     static                          
       ___return_lbl00000   0x001d7e    program     static                          
                  DelayMs   0x001d92    program     extern C:\edocs\uC\ujprojects\kapcsolo_can\src\TimeDelay.c
               __tmplbl_2   0x001e3a    program     static                          
        ___while_lbl00008   0x001e40    program     static                          
         ___else_lbl00011   0x001e40    program     static                          
               __tmplbl_3   0x001e6e    program     static                          
           ___if_lbl00010   0x001e8c    program     static                          
       ___return_lbl00007   0x001e8c    program     static                          
        ___while_lbl00009   0x001e8c    program     static                          
                 I2CStart   0x001ea0    program     extern C:\edocs\uC\ujprojects\kapcsolo_can\src\swI2C.c
                 WriteI2C   0x001eba    program     extern C:\edocs\uC\ujprojects\kapcsolo_can\src\swI2C.c
                   I2CAck   0x001f0e    program     extern C:\edocs\uC\ujprojects\kapcsolo_can\src\swI2C.c
               I2CReStart   0x001f46    program     extern C:\edocs\uC\ujprojects\kapcsolo_can\src\swI2C.c
                  ReadI2C   0x001f6e    program     extern C:\edocs\uC\ujprojects\kapcsolo_can\src\swI2C.c
                  I2CStop   0x001fde    program     extern C:\edocs\uC\ujprojects\kapcsolo_can\src\swI2C.c
                      ACK   0x002006    program     extern C:\edocs\uC\ujprojects\kapcsolo_can\src\swI2C.c
                     nACK   0x002022    program     extern C:\edocs\uC\ujprojects\kapcsolo_can\src\swI2C.c
                _do_cinit   0x00203e    program     extern C:\MCC18\v3_39\src\traditional\startup\c018i.c
                     test   0x002058    program     static                          
                copy_loop   0x0020b0    program     static                          
            copy_one_byte   0x0020b6    program     static                          
             done_copying   0x0020c4    program     static                          
                     done   0x0020da    program     static                          
       ___return_lbl00002   0x0020da    program     static                          
                  FXM3232   0x0020dc    program     extern C:\MCC18\v3_39\src\traditional\math\fxm3232.c
       ___return_lbl00000   0x00214a    program     static                          
            __zero_memory   0x00214c    program     extern C:\MCC18\v3_39\src\traditional\proc\p18F458.asm
               zero_block   0x00215a    program     static C:\MCC18\v3_39\src\traditional\proc\p18F458.asm
                   loop_h   0x00215a    program     static C:\MCC18\v3_39\src\traditional\proc\p18F458.asm
                compare_l   0x002162    program     static C:\MCC18\v3_39\src\traditional\proc\p18F458.asm
                   loop_l   0x002164    program     static C:\MCC18\v3_39\src\traditional\proc\p18F458.asm
                 _startup   0x00216c    program     extern C:\MCC18\v3_39\src\traditional\startup\c018i.c
                     loop   0x00217c    program     static                          
       ___return_lbl00001   0x002186    program     static                          
              Delay10TCYx   0x002188    program     extern C:\MCC18\v3_39\src\traditional\delays\d10tcyx.asm
                     D10x   0x002190    program     static C:\MCC18\v3_39\src\traditional\delays\d10tcyx.asm
        _D10TCYXCODE_000A   0x002192    program     static C:\MCC18\v3_39\src\traditional\delays\d10tcyx.asm
        _D10TCYXCODE_000C   0x002194    program     static C:\MCC18\v3_39\src\traditional\delays\d10tcyx.asm
        _D10TCYXCODE_000E   0x002196    program     static C:\MCC18\v3_39\src\traditional\delays\d10tcyx.asm
                    D10_1   0x002198    program     static C:\MCC18\v3_39\src\traditional\delays\d10tcyx.asm
               __config_0   0x300001    program     static C:\edocs\uC\ujprojects\kapcsolo_can\src\control.c
               __config_1   0x300002    program     static C:\edocs\uC\ujprojects\kapcsolo_can\src\control.c
               __config_2   0x300003    program     static C:\edocs\uC\ujprojects\kapcsolo_can\src\control.c
               __config_3   0x300006    program     static C:\edocs\uC\ujprojects\kapcsolo_can\src\control.c
               __config_4   0x300008    program     static C:\edocs\uC\ujprojects\kapcsolo_can\src\control.c
               __config_5   0x300009    program     static C:\edocs\uC\ujprojects\kapcsolo_can\src\control.c
               __config_6   0x30000a    program     static C:\edocs\uC\ujprojects\kapcsolo_can\src\control.c
               __config_7   0x30000b    program     static C:\edocs\uC\ujprojects\kapcsolo_can\src\control.c
               __config_8   0x30000c    program     static C:\edocs\uC\ujprojects\kapcsolo_can\src\control.c
               __config_9   0x30000d    program     static C:\edocs\uC\ujprojects\kapcsolo_can\src\control.c
                  __REMB3   0x000000       data     extern C:\MCC18\v3_39\src\traditional\math\aarg.asm
                 __AARGB7   0x000000       data     extern C:\MCC18\v3_39\src\traditional\math\aarg.asm
                  __REMB2   0x000001       data     extern C:\MCC18\v3_39\src\traditional\math\aarg.asm
                 __AARGB6   0x000001       data     extern C:\MCC18\v3_39\src\traditional\math\aarg.asm
                  __REMB1   0x000002       data     extern C:\MCC18\v3_39\src\traditional\math\aarg.asm
                 __AARGB5   0x000002       data     extern C:\MCC18\v3_39\src\traditional\math\aarg.asm
                  __REMB0   0x000003       data     extern C:\MCC18\v3_39\src\traditional\math\aarg.asm
                 __AARGB4   0x000003       data     extern C:\MCC18\v3_39\src\traditional\math\aarg.asm
                 __AARGB3   0x000004       data     extern C:\MCC18\v3_39\src\traditional\math\aarg.asm
                 __AARGB2   0x000005       data     extern C:\MCC18\v3_39\src\traditional\math\aarg.asm
                 __AARGB1   0x000006       data     extern C:\MCC18\v3_39\src\traditional\math\aarg.asm
                 __AARGB0   0x000007       data     extern C:\MCC18\v3_39\src\traditional\math\aarg.asm
                   __AEXP   0x000008       data     extern C:\MCC18\v3_39\src\traditional\math\aarg.asm
                 __BARGB3   0x000009       data     extern C:\MCC18\v3_39\src\traditional\math\barg.asm
                 __BARGB2   0x00000a       data     extern C:\MCC18\v3_39\src\traditional\math\barg.asm
                 __BARGB1   0x00000b       data     extern C:\MCC18\v3_39\src\traditional\math\barg.asm
                 __BARGB0   0x00000c       data     extern C:\MCC18\v3_39\src\traditional\math\barg.asm
                   __BEXP   0x00000d       data     extern C:\MCC18\v3_39\src\traditional\math\barg.asm
                     SIGN   0x00000e       data     extern C:\MCC18\v3_39\src\traditional\math\cmath18.asm
                __FPFLAGS   0x00000f       data     extern C:\MCC18\v3_39\src\traditional\math\cmath18.asm
            __FPFLAGSbits   0x00000f       data     extern C:\MCC18\v3_39\src\traditional\math\cmath18.asm
                  __tmp_0   0x000010       data     static C:\edocs\uC\ujprojects\kapcsolo_can\src\control.c
                  __tmp_0   0x000010       data     static C:\edocs\uC\ujprojects\kapcsolo_can\src\expander.c
                  __tmp_0   0x000010       data     static C:\edocs\uC\ujprojects\kapcsolo_can\src\swI2C.c
                  __tmp_0   0x000010       data     static C:\edocs\uC\ujprojects\kapcsolo_can\src\TimeDelay.c
                  __tmp_0   0x000010       data     static C:\edocs\uC\ujprojects\kapcsolo_can\src\can458.c
                RXMessage   0x000060       data     extern C:\edocs\uC\ujprojects\kapcsolo_can\src\can458.c
                TXMessage   0x000098       data     extern C:\edocs\uC\ujprojects\kapcsolo_can\src\can458.c
                     prom   0x0000d0       data     static C:\MCC18\v3_39\src\traditional\startup\c018i.c
                curr_byte   0x0000d3       data     static C:\MCC18\v3_39\src\traditional\startup\c018i.c
               curr_entry   0x0000d5       data     static C:\MCC18\v3_39\src\traditional\startup\c018i.c
                 data_ptr   0x0000d7       data     static C:\MCC18\v3_39\src\traditional\startup\c018i.c
                   RXRPtr   0x0000da       data     extern C:\edocs\uC\ujprojects\kapcsolo_can\src\can458.c
                   RXWPtr   0x0000db       data     extern C:\edocs\uC\ujprojects\kapcsolo_can\src\can458.c
                   TXRPtr   0x0000dc       data     extern C:\edocs\uC\ujprojects\kapcsolo_can\src\can458.c
                   TXWPtr   0x0000dd       data     extern C:\edocs\uC\ujprojects\kapcsolo_can\src\can458.c
                        x   0x0000de       data     extern C:\edocs\uC\ujprojects\kapcsolo_can\src\expander.c
                     num1   0x0000df       data     extern C:\edocs\uC\ujprojects\kapcsolo_can\src\expander.c
                     num2   0x0000e0       data     extern C:\edocs\uC\ujprojects\kapcsolo_can\src\expander.c
                     temp   0x000100       data     extern C:\edocs\uC\ujprojects\kapcsolo_can\src\control.c
                      div   0x000102       data     extern C:\edocs\uC\ujprojects\kapcsolo_can\src\control.c
               R_pwr_accu   0x000104       data     extern C:\edocs\uC\ujprojects\kapcsolo_can\src\control.c
               S_pwr_accu   0x000108       data     extern C:\edocs\uC\ujprojects\kapcsolo_can\src\control.c
               T_pwr_accu   0x00010c       data     extern C:\edocs\uC\ujprojects\kapcsolo_can\src\control.c
               water_accu   0x000110       data     extern C:\edocs\uC\ujprojects\kapcsolo_can\src\control.c
                 OUT1_old   0x000114       data     extern C:\edocs\uC\ujprojects\kapcsolo_can\src\control.c
                 OUT2_old   0x000116       data     extern C:\edocs\uC\ujprojects\kapcsolo_can\src\control.c
                    teszt   0x000118       data     extern C:\edocs\uC\ujprojects\kapcsolo_can\src\control.c
                  exp_in1   0x00011a       data     extern C:\edocs\uC\ujprojects\kapcsolo_can\src\control.c
                  exp_in2   0x00011e       data     extern C:\edocs\uC\ujprojects\kapcsolo_can\src\control.c
                     flag   0x000122       data     extern C:\edocs\uC\ujprojects\kapcsolo_can\src\control.c
                util_flag   0x000123       data     extern C:\edocs\uC\ujprojects\kapcsolo_can\src\control.c
                   OUT1_2   0x000124       data     extern C:\edocs\uC\ujprojects\kapcsolo_can\src\control.c
                   OUT3_4   0x000126       data     extern C:\edocs\uC\ujprojects\kapcsolo_can\src\control.c
                     IN1A   0x000128       data     extern C:\edocs\uC\ujprojects\kapcsolo_can\src\control.c
                     IN2A   0x000129       data     extern C:\edocs\uC\ujprojects\kapcsolo_can\src\control.c
[...]
                 RXERRCNT   0x000f75       data     extern C:\MCC18\v3_39\src\traditional\proc\p18F458.asm
             RXERRCNTbits   0x000f75       data     extern C:\MCC18\v3_39\src\traditional\proc\p18F458.asm
             TXERRCNTbits   0x000f76       data     extern C:\MCC18\v3_39\src\traditional\proc\p18F458.asm
                 TXERRCNT   0x000f76       data     extern C:\MCC18\v3_39\src\traditional\proc\p18F458.asm
                PORTAbits   0x000f80       data     extern C:\MCC18\v3_39\src\traditional\proc\p18F458.asm
                    PORTA   0x000f80       data     extern C:\MCC18\v3_39\src\traditional\proc\p18F458.asm
                    PORTB   0x000f81       data     extern C:\MCC18\v3_39\src\traditional\proc\p18F458.asm
                PORTBbits   0x000f81       data     extern C:\MCC18\v3_39\src\traditional\proc\p18F458.asm
                PORTCbits   0x000f82       data     extern C:\MCC18\v3_39\src\traditional\proc\p18F458.asm
                    PORTC   0x000f82       data     extern C:\MCC18\v3_39\src\traditional\proc\p18F458.asm
                PORTDbits   0x000f83       data     extern C:\MCC18\v3_39\src\traditional\proc\p18F458.asm
                    PORTD   0x000f83       data     extern C:\MCC18\v3_39\src\traditional\proc\p18F458.asm
                PORTEbits   0x000f84       data     extern C:\MCC18\v3_39\src\traditional\proc\p18F458.asm
                    PORTE   0x000f84       data     extern C:\MCC18\v3_39\src\traditional\proc\p18F458.asm
                 LATAbits   0x000f89       data     extern C:\MCC18\v3_39\src\traditional\proc\p18F458.asm
                     LATA   0x000f89       data     extern C:\MCC18\v3_39\src\traditional\proc\p18F458.asm
                     LATB   0x000f8a       data     extern C:\MCC18\v3_39\src\traditional\proc\p18F458.asm
                 LATBbits   0x000f8a       data     extern C:\MCC18\v3_39\src\traditional\proc\p18F458.asm
                 LATCbits   0x000f8b       data     extern C:\MCC18\v3_39\src\traditional\proc\p18F458.asm
                     LATC   0x000f8b       data     extern C:\MCC18\v3_39\src\traditional\proc\p18F458.asm
                     LATD   0x000f8c       data     extern C:\MCC18\v3_39\src\traditional\proc\p18F458.asm
                 LATDbits   0x000f8c       data     extern C:\MCC18\v3_39\src\traditional\proc\p18F458.asm
                     LATE   0x000f8d       data     extern C:\MCC18\v3_39\src\traditional\proc\p18F458.asm
                 LATEbits   0x000f8d       data     extern C:\MCC18\v3_39\src\traditional\proc\p18F458.asm
                TRISAbits   0x000f92       data     extern C:\MCC18\v3_39\src\traditional\proc\p18F458.asm
                 DDRAbits   0x000f92       data     extern C:\MCC18\v3_39\src\traditional\proc\p18F458.asm
                     DDRA   0x000f92       data     extern C:\MCC18\v3_39\src\traditional\proc\p18F458.asm
                    TRISA   0x000f92       data     extern C:\MCC18\v3_39\src\traditional\proc\p18F458.asm
                     DDRB   0x000f93       data     extern C:\MCC18\v3_39\src\traditional\proc\p18F458.asm
                 DDRBbits   0x000f93       data     extern C:\MCC18\v3_39\src\traditional\proc\p18F458.asm
                TRISBbits   0x000f93       data     extern C:\MCC18\v3_39\src\traditional\proc\p18F458.asm
                    TRISB   0x000f93       data     extern C:\MCC18\v3_39\src\traditional\proc\p18F458.asm
                    TRISC   0x000f94       data     extern C:\MCC18\v3_39\src\traditional\proc\p18F458.asm
                TRISCbits   0x000f94       data     extern C:\MCC18\v3_39\src\traditional\proc\p18F458.asm
                 DDRCbits   0x000f94       data     extern C:\MCC18\v3_39\src\traditional\proc\p18F458.asm
                     DDRC   0x000f94       data     extern C:\MCC18\v3_39\src\traditional\proc\p18F458.asm
                    TRISD   0x000f95       data     extern C:\MCC18\v3_39\src\traditional\proc\p18F458.asm
                TRISDbits   0x000f95       data     extern C:\MCC18\v3_39\src\traditional\proc\p18F458.asm
                     DDRD   0x000f95       data     extern C:\MCC18\v3_39\src\traditional\proc\p18F458.asm
                 DDRDbits   0x000f95       data     extern C:\MCC18\v3_39\src\traditional\proc\p18F458.asm
                    TRISE   0x000f96       data     extern C:\MCC18\v3_39\src\traditional\proc\p18F458.asm
                TRISEbits   0x000f96       data     extern C:\MCC18\v3_39\src\traditional\proc\p18F458.asm
                     DDRE   0x000f96       data     extern C:\MCC18\v3_39\src\traditional\proc\p18F458.asm
                 DDREbits   0x000f96       data     extern C:\MCC18\v3_39\src\traditional\proc\p18F458.asm
                     PIE1   0x000f9d       data     extern C:\MCC18\v3_39\src\traditional\proc\p18F458.asm
                 PIE1bits   0x000f9d       data     extern C:\MCC18\v3_39\src\traditional\proc\p18F458.asm
                 PIR1bits   0x000f9e       data     extern C:\MCC18\v3_39\src\traditional\proc\p18F458.asm
                     PIR1   0x000f9e       data     extern C:\MCC18\v3_39\src\traditional\proc\p18F458.asm
                     IPR1   0x000f9f       data     extern C:\MCC18\v3_39\src\traditional\proc\p18F458.asm
                 IPR1bits   0x000f9f       data     extern C:\MCC18\v3_39\src\traditional\proc\p18F458.asm
                     PIE2   0x000fa0       data     extern C:\MCC18\v3_39\src\traditional\proc\p18F458.asm
                 PIE2bits   0x000fa0       data     extern C:\MCC18\v3_39\src\traditional\proc\p18F458.asm
                     PIR2   0x000fa1       data     extern C:\MCC18\v3_39\src\traditional\proc\p18F458.asm
                 PIR2bits   0x000fa1       data     extern C:\MCC18\v3_39\src\traditional\proc\p18F458.asm
                 IPR2bits   0x000fa2       data     extern C:\MCC18\v3_39\src\traditional\proc\p18F458.asm
                     IPR2   0x000fa2       data     extern C:\MCC18\v3_39\src\traditional\proc\p18F458.asm
                 PIE3bits   0x000fa3       data     extern C:\MCC18\v3_39\src\traditional\proc\p18F458.asm
                     PIE3   0x000fa3       data     extern C:\MCC18\v3_39\src\traditional\proc\p18F458.asm
                     PIR3   0x000fa4       data     extern C:\MCC18\v3_39\src\traditional\proc\p18F458.asm
                 PIR3bits   0x000fa4       data     extern C:\MCC18\v3_39\src\traditional\proc\p18F458.asm
                     IPR3   0x000fa5       data     extern C:\MCC18\v3_39\src\traditional\proc\p18F458.asm
                 IPR3bits   0x000fa5       data     extern C:\MCC18\v3_39\src\traditional\proc\p18F458.asm
               EECON1bits   0x000fa6       data     extern C:\MCC18\v3_39\src\traditional\proc\p18F458.asm
                   EECON1   0x000fa6       data     extern C:\MCC18\v3_39\src\traditional\proc\p18F458.asm
                   EECON2   0x000fa7       data     extern C:\MCC18\v3_39\src\traditional\proc\p18F458.asm
                   EEDATA   0x000fa8       data     extern C:\MCC18\v3_39\src\traditional\proc\p18F458.asm
                    EEADR   0x000fa9       data     extern C:\MCC18\v3_39\src\traditional\proc\p18F458.asm
                    RCSTA   0x000fab       data     extern C:\MCC18\v3_39\src\traditional\proc\p18F458.asm
                RCSTAbits   0x000fab       data     extern C:\MCC18\v3_39\src\traditional\proc\p18F458.asm
                TXSTAbits   0x000fac       data     extern C:\MCC18\v3_39\src\traditional\proc\p18F458.asm
                    TXSTA   0x000fac       data     extern C:\MCC18\v3_39\src\traditional\proc\p18F458.asm
                    TXREG   0x000fad       data     extern C:\MCC18\v3_39\src\traditional\proc\p18F458.asm
                    RCREG   0x000fae       data     extern C:\MCC18\v3_39\src\traditional\proc\p18F458.asm
                    SPBRG   0x000faf       data     extern C:\MCC18\v3_39\src\traditional\proc\p18F458.asm
                T3CONbits   0x000fb1       data     extern C:\MCC18\v3_39\src\traditional\proc\p18F458.asm
                    T3CON   0x000fb1       data     extern C:\MCC18\v3_39\src\traditional\proc\p18F458.asm
                    TMR3L   0x000fb2       data     extern C:\MCC18\v3_39\src\traditional\proc\p18F458.asm
                    TMR3H   0x000fb3       data     extern C:\MCC18\v3_39\src\traditional\proc\p18F458.asm
                    CMCON   0x000fb4       data     extern C:\MCC18\v3_39\src\traditional\proc\p18F458.asm
                CMCONbits   0x000fb4       data     extern C:\MCC18\v3_39\src\traditional\proc\p18F458.asm
               CVRCONbits   0x000fb5       data     extern C:\MCC18\v3_39\src\traditional\proc\p18F458.asm
                   CVRCON   0x000fb5       data     extern C:\MCC18\v3_39\src\traditional\proc\p18F458.asm
                   ECCPAS   0x000fb6       data     extern C:\MCC18\v3_39\src\traditional\proc\p18F458.asm
               ECCPASbits   0x000fb6       data     extern C:\MCC18\v3_39\src\traditional\proc\p18F458.asm
                 ECCP1DEL   0x000fb7       data     extern C:\MCC18\v3_39\src\traditional\proc\p18F458.asm
             ECCP1DELbits   0x000fb7       data     extern C:\MCC18\v3_39\src\traditional\proc\p18F458.asm
             ECCP1CONbits   0x000fba       data     extern C:\MCC18\v3_39\src\traditional\proc\p18F458.asm
                 ECCP1CON   0x000fba       data     extern C:\MCC18\v3_39\src\traditional\proc\p18F458.asm
                   ECCPR1   0x000fbb       data     extern C:\MCC18\v3_39\src\traditional\proc\p18F458.asm
                  ECCPR1L   0x000fbb       data     extern C:\MCC18\v3_39\src\traditional\proc\p18F458.asm
                  ECCPR1H   0x000fbc       data     extern C:\MCC18\v3_39\src\traditional\proc\p18F458.asm
              CCP1CONbits   0x000fbd       data     extern C:\MCC18\v3_39\src\traditional\proc\p18F458.asm
                  CCP1CON   0x000fbd       data     extern C:\MCC18\v3_39\src\traditional\proc\p18F458.asm
                   CCPR1L   0x000fbe       data     extern C:\MCC18\v3_39\src\traditional\proc\p18F458.asm
                    CCPR1   0x000fbe       data     extern C:\MCC18\v3_39\src\traditional\proc\p18F458.asm
                   CCPR1H   0x000fbf       data     extern C:\MCC18\v3_39\src\traditional\proc\p18F458.asm
               ADCON1bits   0x000fc1       data     extern C:\MCC18\v3_39\src\traditional\proc\p18F458.asm
                   ADCON1   0x000fc1       data     extern C:\MCC18\v3_39\src\traditional\proc\p18F458.asm
               ADCON0bits   0x000fc2       data     extern C:\MCC18\v3_39\src\traditional\proc\p18F458.asm
                   ADCON0   0x000fc2       data     extern C:\MCC18\v3_39\src\traditional\proc\p18F458.asm
                   ADRESL   0x000fc3       data     extern C:\MCC18\v3_39\src\traditional\proc\p18F458.asm
                    ADRES   0x000fc3       data     extern C:\MCC18\v3_39\src\traditional\proc\p18F458.asm
                   ADRESH   0x000fc4       data     extern C:\MCC18\v3_39\src\traditional\proc\p18F458.asm
              SSPCON2bits   0x000fc5       data     extern C:\MCC18\v3_39\src\traditional\proc\p18F458.asm
                  SSPCON2   0x000fc5       data     extern C:\MCC18\v3_39\src\traditional\proc\p18F458.asm
              SSPCON1bits   0x000fc6       data     extern C:\MCC18\v3_39\src\traditional\proc\p18F458.asm
                  SSPCON1   0x000fc6       data     extern C:\MCC18\v3_39\src\traditional\proc\p18F458.asm
              SSPSTATbits   0x000fc7       data     extern C:\MCC18\v3_39\src\traditional\proc\p18F458.asm
                  SSPSTAT   0x000fc7       data     extern C:\MCC18\v3_39\src\traditional\proc\p18F458.asm
                   SSPADD   0x000fc8       data     extern C:\MCC18\v3_39\src\traditional\proc\p18F458.asm
                   SSPBUF   0x000fc9       data     extern C:\MCC18\v3_39\src\traditional\proc\p18F458.asm
                T2CONbits   0x000fca       data     extern C:\MCC18\v3_39\src\traditional\proc\p18F458.asm
                    T2CON   0x000fca       data     extern C:\MCC18\v3_39\src\traditional\proc\p18F458.asm
                      PR2   0x000fcb       data     extern C:\MCC18\v3_39\src\traditional\proc\p18F458.asm
                     TMR2   0x000fcc       data     extern C:\MCC18\v3_39\src\traditional\proc\p18F458.asm
                T1CONbits   0x000fcd       data     extern C:\MCC18\v3_39\src\traditional\proc\p18F458.asm
                    T1CON   0x000fcd       data     extern C:\MCC18\v3_39\src\traditional\proc\p18F458.asm
                    TMR1L   0x000fce       data     extern C:\MCC18\v3_39\src\traditional\proc\p18F458.asm
                    TMR1H   0x000fcf       data     extern C:\MCC18\v3_39\src\traditional\proc\p18F458.asm
                     RCON   0x000fd0       data     extern C:\MCC18\v3_39\src\traditional\proc\p18F458.asm
                 RCONbits   0x000fd0       data     extern C:\MCC18\v3_39\src\traditional\proc\p18F458.asm
               WDTCONbits   0x000fd1       data     extern C:\MCC18\v3_39\src\traditional\proc\p18F458.asm
                   WDTCON   0x000fd1       data     extern C:\MCC18\v3_39\src\traditional\proc\p18F458.asm
                   LVDCON   0x000fd2       data     extern C:\MCC18\v3_39\src\traditional\proc\p18F458.asm
               LVDCONbits   0x000fd2       data     extern C:\MCC18\v3_39\src\traditional\proc\p18F458.asm
                   OSCCON   0x000fd3       data     extern C:\MCC18\v3_39\src\traditional\proc\p18F458.asm
               OSCCONbits   0x000fd3       data     extern C:\MCC18\v3_39\src\traditional\proc\p18F458.asm
                    T0CON   0x000fd5       data     extern C:\MCC18\v3_39\src\traditional\proc\p18F458.asm
                T0CONbits   0x000fd5       data     extern C:\MCC18\v3_39\src\traditional\proc\p18F458.asm
                    TMR0L   0x000fd6       data     extern C:\MCC18\v3_39\src\traditional\proc\p18F458.asm
                    TMR0H   0x000fd7       data     extern C:\MCC18\v3_39\src\traditional\proc\p18F458.asm
                   STATUS   0x000fd8       data     extern C:\MCC18\v3_39\src\traditional\proc\p18F458.asm
               STATUSbits   0x000fd8       data     extern C:\MCC18\v3_39\src\traditional\proc\p18F458.asm
                    FSR2L   0x000fd9       data     extern C:\MCC18\v3_39\src\traditional\proc\p18F458.asm
                     FSR2   0x000fd9       data     extern C:\MCC18\v3_39\src\traditional\proc\p18F458.asm
                    FSR2H   0x000fda       data     extern C:\MCC18\v3_39\src\traditional\proc\p18F458.asm
                   PLUSW2   0x000fdb       data     extern C:\MCC18\v3_39\src\traditional\proc\p18F458.asm
                  PREINC2   0x000fdc       data     extern C:\MCC18\v3_39\src\traditional\proc\p18F458.asm
                 POSTDEC2   0x000fdd       data     extern C:\MCC18\v3_39\src\traditional\proc\p18F458.asm
                 POSTINC2   0x000fde       data     extern C:\MCC18\v3_39\src\traditional\proc\p18F458.asm
                    INDF2   0x000fdf       data     extern C:\MCC18\v3_39\src\traditional\proc\p18F458.asm
                      BSR   0x000fe0       data     extern C:\MCC18\v3_39\src\traditional\proc\p18F458.asm
                    FSR1L   0x000fe1       data     extern C:\MCC18\v3_39\src\traditional\proc\p18F458.asm
                     FSR1   0x000fe1       data     extern C:\MCC18\v3_39\src\traditional\proc\p18F458.asm
                    FSR1H   0x000fe2       data     extern C:\MCC18\v3_39\src\traditional\proc\p18F458.asm
                   PLUSW1   0x000fe3       data     extern C:\MCC18\v3_39\src\traditional\proc\p18F458.asm
                  PREINC1   0x000fe4       data     extern C:\MCC18\v3_39\src\traditional\proc\p18F458.asm
                 POSTDEC1   0x000fe5       data     extern C:\MCC18\v3_39\src\traditional\proc\p18F458.asm
                 POSTINC1   0x000fe6       data     extern C:\MCC18\v3_39\src\traditional\proc\p18F458.asm
                    INDF1   0x000fe7       data     extern C:\MCC18\v3_39\src\traditional\proc\p18F458.asm
                        W   0x000fe8       data     extern C:\MCC18\v3_39\src\traditional\proc\p18F458.asm
                     WREG   0x000fe8       data     extern C:\MCC18\v3_39\src\traditional\proc\p18F458.asm
                    FSR0L   0x000fe9       data     extern C:\MCC18\v3_39\src\traditional\proc\p18F458.asm
                     FSR0   0x000fe9       data     extern C:\MCC18\v3_39\src\traditional\proc\p18F458.asm
                    FSR0H   0x000fea       data     extern C:\MCC18\v3_39\src\traditional\proc\p18F458.asm
                   PLUSW0   0x000feb       data     extern C:\MCC18\v3_39\src\traditional\proc\p18F458.asm
                  PREINC0   0x000fec       data     extern C:\MCC18\v3_39\src\traditional\proc\p18F458.asm
                 POSTDEC0   0x000fed       data     extern C:\MCC18\v3_39\src\traditional\proc\p18F458.asm
                 POSTINC0   0x000fee       data     extern C:\MCC18\v3_39\src\traditional\proc\p18F458.asm
                    INDF0   0x000fef       data     extern C:\MCC18\v3_39\src\traditional\proc\p18F458.asm
              INTCON3bits   0x000ff0       data     extern C:\MCC18\v3_39\src\traditional\proc\p18F458.asm
                  INTCON3   0x000ff0       data     extern C:\MCC18\v3_39\src\traditional\proc\p18F458.asm
              INTCON2bits   0x000ff1       data     extern C:\MCC18\v3_39\src\traditional\proc\p18F458.asm
                  INTCON2   0x000ff1       data     extern C:\MCC18\v3_39\src\traditional\proc\p18F458.asm
               INTCONbits   0x000ff2       data     extern C:\MCC18\v3_39\src\traditional\proc\p18F458.asm
                   INTCON   0x000ff2       data     extern C:\MCC18\v3_39\src\traditional\proc\p18F458.asm
              INTCON1bits   0x000ff2       data     extern C:\MCC18\v3_39\src\traditional\proc\p18F458.asm
                  INTCON1   0x000ff2       data     extern C:\MCC18\v3_39\src\traditional\proc\p18F458.asm
                     PROD   0x000ff3       data     extern C:\MCC18\v3_39\src\traditional\proc\p18F458.asm
                    PRODL   0x000ff3       data     extern C:\MCC18\v3_39\src\traditional\proc\p18F458.asm
                    PRODH   0x000ff4       data     extern C:\MCC18\v3_39\src\traditional\proc\p18F458.asm
                   TABLAT   0x000ff5       data     extern C:\MCC18\v3_39\src\traditional\proc\p18F458.asm
                  TBLPTRL   0x000ff6       data     extern C:\MCC18\v3_39\src\traditional\proc\p18F458.asm
                   TBLPTR   0x000ff6       data     extern C:\MCC18\v3_39\src\traditional\proc\p18F458.asm
                  TBLPTRH   0x000ff7       data     extern C:\MCC18\v3_39\src\traditional\proc\p18F458.asm
                  TBLPTRU   0x000ff8       data     extern C:\MCC18\v3_39\src\traditional\proc\p18F458.asm
                      PCL   0x000ff9       data     extern C:\MCC18\v3_39\src\traditional\proc\p18F458.asm
                       PC   0x000ff9       data     extern C:\MCC18\v3_39\src\traditional\proc\p18F458.asm
                   PCLATH   0x000ffa       data     extern C:\MCC18\v3_39\src\traditional\proc\p18F458.asm
                   PCLATU   0x000ffb       data     extern C:\MCC18\v3_39\src\traditional\proc\p18F458.asm
               STKPTRbits   0x000ffc       data     extern C:\MCC18\v3_39\src\traditional\proc\p18F458.asm
                   STKPTR   0x000ffc       data     extern C:\MCC18\v3_39\src\traditional\proc\p18F458.asm
                      TOS   0x000ffd       data     extern C:\MCC18\v3_39\src\traditional\proc\p18F458.asm
                     TOSL   0x000ffd       data     extern C:\MCC18\v3_39\src\traditional\proc\p18F458.asm
                     TOSH   0x000ffe       data     extern C:\MCC18\v3_39\src\traditional\proc\p18F458.asm
                     TOSU   0x000fff       data     extern C:\MCC18\v3_39\src\traditional\proc\p18F458.asm


